04-29 08:58:44.112   279   311 E EventHub: could not get driver version for /dev/input/mouse0, Not a typewriter
04-29 08:58:44.112   279   311 E EventHub: could not get driver version for /dev/input/mice, Not a typewriter
04-29 08:58:44.162   279   311 I InputReader: Device added: id=-1, name='Virtual', sources=0x00000301
04-29 08:58:44.162   279   311 I InputReader:   Touch device 'qwerty2' could not query the properties of its associated display.  The device will be inoperable until the display size becomes available.
04-29 08:58:44.182   279   311 I InputReader: Device added: id=0, name='qwerty2', sources=0x80001303
04-29 08:58:44.232   279   282 D dalvikvm: GC_CONCURRENT freed 296K, 10% free 3717K/4092K, paused 6ms+11ms, total 309ms
04-29 08:58:44.232   279   293 D dalvikvm: WAIT_FOR_CONCURRENT_GC blocked 9ms
04-29 08:58:44.294   279   293 I SystemServer: Accessibility Manager
04-29 08:58:44.312   279   293 I ActivityManager: Config changes=15f8 {1.0 ?mcc?mnc en_US ldltr sw400dp w400dp h615dp 320dpi nrml port ?uimode ?night finger qwerty/v/v dpad/v s.2}
04-29 08:58:44.322   279   311 I InputReader: Reconfiguring input devices.  changes=0x00000004
04-29 08:58:44.322   279   311 I InputReader: Device reconfigured: id=0, name='qwerty2', size 800x1280, orientation 0, mode 1, display id 0
04-29 08:58:44.342   279   293 I SystemServer: Mount Service
04-29 08:58:44.342   279   311 I InputReader: Reconfiguring input devices.  changes=0x00000004
04-29 08:58:44.352   279   311 I InputReader: Device reconfigured: id=0, name='qwerty2', size 800x1280, orientation 0, mode 1, display id 0
04-29 08:58:44.362   279   293 D MountService: got storage path: /storage/sdcard description: USB storage primary: true removable: false emulated: false mtpReserve: 0 allowMassStorage: false maxFileSize: 0
04-29 08:58:44.362   279   293 D MountService: addVolumeLocked() StorageVolume [mStorageId=0 mPath=/storage/sdcard mDescriptionId=17040658 mPrimary=true mRemovable=false mEmulated=false mMtpReserveSpace=0 mAllowMassStorage=false mMaxFileSize=0 mOwner=null]
04-29 08:58:44.372   279   293 I SystemServer: LockSettingsService
04-29 08:58:44.372   279   293 I SystemServer: Device Policy
04-29 08:58:44.382   279   293 I SystemServer: Status Bar
04-29 08:58:44.402   279   315 D dalvikvm: GREF has increased to 201
04-29 08:58:44.412   279   293 I SystemServer: Clipboard Service
04-29 08:58:44.412   279   293 I SystemServer: NetworkManagement Service
04-29 08:58:44.422   279   293 I SystemServer: Text Service Manager Service
04-29 08:58:44.463   279   293 I SystemServer: NetworkStats Service
04-29 08:58:44.472   279   315 D MountService: volume state changed for /storage/sdcard (null -> unmounted)
04-29 08:58:44.472   279   315 I PackageManager: Updating external media status from unmounted to unmounted
04-29 08:58:44.482   279   315 W MountService: getSecureContainerList() called when storage not mounted
04-29 08:58:44.492   279   293 I SystemServer: NetworkPolicy Service
04-29 08:58:44.502   279   315 I PackageManager: No secure containers on sdcard
04-29 08:58:44.512   279   293 I SystemServer: Wi-Fi P2pService
04-29 08:58:44.522   279   315 W PackageManager: Unknown permission android.permission.ADD_SYSTEM_SERVICE in package com.android.phone
04-29 08:58:44.532   279   315 W PackageManager: Unknown permission com.android.smspush.WAPPUSH_MANAGER_BIND in package com.android.phone
04-29 08:58:44.532   279   315 W PackageManager: Unknown permission com.google.android.googleapps.permission.GOOGLE_AUTH in package com.android.providers.calendar
04-29 08:58:44.532   279   315 W PackageManager: Unknown permission com.google.android.googleapps.permission.GOOGLE_AUTH.cl in package com.android.providers.calendar
04-29 08:58:44.532   279   315 W PackageManager: Unknown permission com.google.android.googleapps.permission.GOOGLE_AUTH.mail in package com.android.calendar
04-29 08:58:44.532   279   315 W PackageManager: Not granting permission android.permission.SEND_DOWNLOAD_COMPLETED_INTENTS to package com.android.browser (protectionLevel=2 flags=0x89be45)
04-29 08:58:44.542   279   315 W PackageManager: Unknown permission com.google.android.googleapps.permission.GOOGLE_AUTH in package com.android.settings
04-29 08:58:44.552   279   315 W PackageManager: Unknown permission com.google.android.gallery3d.permission.GALLERY_PROVIDER in package com.android.exchange
04-29 08:58:44.552   279   315 W PackageManager: Unknown permission com.google.android.googleapps.permission.ACCESS_GOOGLE_PASSWORD in package com.android.development
04-29 08:58:44.552   279   315 W PackageManager: Unknown permission com.google.android.googleapps.permission.GOOGLE_AUTH in package com.android.development
04-29 08:58:44.552   279   315 W PackageManager: Unknown permission com.google.android.googleapps.permission.GOOGLE_AUTH.ALL_SERVICES in package com.android.development
04-29 08:58:44.552   279   315 W PackageManager: Unknown permission com.google.android.googleapps.permission.GOOGLE_AUTH.YouTubeUser in package com.android.development
04-29 08:58:44.552   279   315 W PackageManager: Unknown permission com.google.android.gallery3d.permission.GALLERY_PROVIDER in package com.android.email
04-29 08:58:44.562   279   315 W PackageManager: Not granting permission android.permission.DEVICE_POWER to package com.android.deskclock (protectionLevel=2 flags=0x48be45)
04-29 08:58:44.832   279   293 I SystemServer: Wi-Fi Service
04-29 08:58:44.912   279   282 D dalvikvm: GC_CONCURRENT freed 266K, 8% free 3934K/4264K, paused 8ms+11ms, total 172ms
04-29 08:58:44.912   279   293 I SystemServer: Connectivity Service
04-29 08:58:44.922   279   293 D ConnectivityService: ConnectivityService starting up
04-29 08:58:44.942   279   293 D ConnectivityService: wifiOnly=false
04-29 08:58:44.971   279   293 E MobileDataStateTracker: default: Ignoring feature request because could not acquire PhoneService
04-29 08:58:44.981   279   293 E MobileDataStateTracker: default: Could not enable APN type "default"
04-29 08:58:44.991   279   293 I WifiService: WifiService starting up with Wi-Fi disabled
04-29 08:58:45.001   279   293 I SystemServer: Network Service Discovery Service
04-29 08:58:45.011   279   293 D NsdService: Network service discovery enabled true
04-29 08:58:45.011   279   293 I SystemServer: UpdateLock Service
04-29 08:58:45.082   279   293 I SystemServer: Notification Manager
04-29 08:58:45.092   279   293 I SystemServer: Device Storage Monitor
04-29 08:58:45.104   279   293 I SystemServer: Location Manager
04-29 08:58:45.112   279   293 I SystemServer: Country Detector
04-29 08:58:45.112   279   293 I SystemServer: Search Service
04-29 08:58:45.112   279   293 I SystemServer: DropBox Service
04-29 08:58:45.122   279   293 I SystemServer: Wallpaper Service
04-29 08:58:45.142   279   293 I SystemServer: Audio Service
04-29 08:58:45.452   279   282 D dalvikvm: GC_CONCURRENT freed 301K, 9% free 4121K/4492K, paused 6ms+20ms, total 236ms
04-29 08:58:45.512   279   293 I SystemServer: Dock Observer
04-29 08:58:45.512   279   293 W DockObserver: This kernel does not have dock station support
04-29 08:58:45.512   279   293 I SystemServer: Wired Accessory Manager
04-29 08:58:45.512   279   293 W WiredAccessoryManager: This kernel does not have wired headset support
04-29 08:58:45.522   279   293 W WiredAccessoryManager: This kernel does not have usb audio support
04-29 08:58:45.522   279   293 W WiredAccessoryManager: This kernel does not have HDMI audio support
04-29 08:58:45.522   279   293 I SystemServer: USB Service
04-29 08:58:45.532   279   293 I SystemServer: Serial Service
04-29 08:58:45.532   279   293 I SystemServer: Twilight Service
04-29 08:58:45.532   279   293 I SystemServer: UI Mode Manager Service
04-29 08:58:45.542   279   293 I SystemServer: Backup Service
04-29 08:58:45.552   279   293 V BackupManagerService: Initializing package tracking
04-29 08:58:45.552   279   293 V BackupManagerService: No ancestral data
04-29 08:58:45.562   279   293 V BackupManagerService: addPackageParticipantsLocked: all
04-29 08:58:45.562   279   293 I BackupManagerService: Scheduling backup for new app com.android.calendar
04-29 08:58:45.562   279   293 D BackupManagerService: Now staging backup of com.android.calendar
04-29 08:58:45.572   279   293 I BackupManagerService: Scheduling backup for new app com.android.browser
04-29 08:58:45.572   279   293 D BackupManagerService: Now staging backup of com.android.browser
04-29 08:58:45.572   279   293 I BackupManagerService: Scheduling backup for new app com.android.providers.userdictionary
04-29 08:58:45.572   279   293 D BackupManagerService: Now staging backup of com.android.providers.userdictionary
04-29 08:58:45.572   279   293 I BackupManagerService: Scheduling backup for new app com.android.sharedstoragebackup
04-29 08:58:45.572   279   293 D BackupManagerService: Now staging backup of com.android.sharedstoragebackup
04-29 08:58:45.582   279   293 I BackupManagerService: Scheduling backup for new app android
04-29 08:58:45.582   279   293 D BackupManagerService: Now staging backup of android
04-29 08:58:45.582   279   293 I BackupManagerService: Scheduling backup for new app com.android.providers.settings
04-29 08:58:45.582   279   293 D BackupManagerService: Now staging backup of com.android.providers.settings
04-29 08:58:45.582   279   293 V BackupManagerService: Registering transport android/com.android.internal.backup.LocalTransport = com.android.internal.backup.LocalTransport@41912c70
04-29 08:58:45.582   279   293 V BackupManagerService: Starting with transport android/com.android.internal.backup.LocalTransport
04-29 08:58:45.582   279   293 V BackupManagerService: Google transport not present
04-29 08:58:45.582   279   293 I BackupManagerService: Found stale backup journal, scheduling
04-29 08:58:45.582   279   293 I BackupManagerService:   com.android.calendar
04-29 08:58:45.592   279   293 I BackupManagerService:   com.android.browser
04-29 08:58:45.592   279   293 I BackupManagerService:   com.android.providers.userdictionary
04-29 08:58:45.592   279   293 I BackupManagerService:   com.android.sharedstoragebackup
04-29 08:58:45.602   279   293 I BackupManagerService:   android
04-29 08:58:45.602   279   293 I BackupManagerService:   com.android.providers.settings
04-29 08:58:45.602   279   293 I BackupManagerService: Backup enabled => true
04-29 08:58:45.602   279   293 I SystemServer: AppWidget Service
04-29 08:58:45.612   279   293 I SystemServer: Recognition Service
04-29 08:58:45.622   279   293 I SystemServer: DiskStats Service
04-29 08:58:45.622   279   293 I SystemServer: SamplingProfiler Service
04-29 08:58:45.642   279   293 I SystemServer: NetworkTimeUpdateService
04-29 08:58:45.642   279   293 I SystemServer: CommonTimeManagementService
04-29 08:58:45.642   279   293 I SystemServer: CertBlacklister
04-29 08:58:45.642   279   293 I SystemServer: Dreams Service
04-29 08:58:45.653   279   293 I SystemServer: IdleMaintenanceService
04-29 08:58:45.653   279   293 I WindowManager: SAFE MODE not enabled
04-29 08:58:45.662   279   286 D dalvikvm: JIT started for system_server
04-29 08:58:45.922   279   293 I ActivityManager: System now ready
04-29 08:58:45.932   279   293 I SystemServer: Making services ready
04-29 08:58:45.961   279   293 I Zygote  : Process: zygote socket opened
04-29 08:58:45.991   279   293 I ActivityManager: Start proc com.android.systemui for service com.android.systemui/.SystemUIService: pid=337 uid=10025 gids={50025, 1028, 1015, 3002, 3001}
04-29 08:58:46.001    32    59 I Vold    : /dev/block/vold/179:0 being considered for volume sdcard
04-29 08:58:46.001    32    59 D Vold    : Volume sdcard state changing 1 (Idle-Unmounted) -> 3 (Checking)
04-29 08:58:46.011   279   314 D MountService: volume state changed for /storage/sdcard (unmounted -> checking)
04-29 08:58:46.011   279   314 D MountService: sendStorageIntent Intent { act=android.intent.action.MEDIA_CHECKING dat=file:///storage/sdcard (has extras) } to UserHandle{-1}
04-29 08:58:46.021    32    59 I fsck_msdos: ** /dev/block/vold/179:0
04-29 08:58:46.033    32    59 I fsck_msdos: ** Phase 1 - Read and Compare FATs
04-29 08:58:46.033    32    59 I fsck_msdos: Attempting to allocate 1198 KB for FAT
04-29 08:58:46.072   279   293 D NetworkManagementService: not enabling bandwidth control
04-29 08:58:46.492    32    59 I fsck_msdos: Attempting to allocate 1198 KB for FAT
04-29 08:58:46.612   279   293 E NetdConnector: NDC Command {1 firewall disable} took too long (508ms)
04-29 08:58:46.622   279   293 W NetworkStats: bandwidth controls disabled, unable to track stats
04-29 08:58:46.622   279   293 W NetworkPolicy: bandwidth controls disabled, unable to enforce policy
04-29 08:58:46.702   279   357 D ConnectivityService: setProvNotificationVisible: E visible=false networkType=-1 extraInfo=null url=null
04-29 08:58:46.921    32    59 I fsck_msdos: ** Phase 2 - Check Cluster Chains
04-29 08:58:46.951    32    59 I fsck_msdos: ** Phase 3 - Checking Directories
04-29 08:58:46.971    32    59 I fsck_msdos: ** Phase 4 - Checking for Lost Files
04-29 08:58:46.981    32    59 I fsck_msdos: 12 files, 611964 free (305982 clusters)
04-29 08:58:47.062    32    59 I Vold    : Filesystem check completed OK
04-29 08:58:47.102    32    59 I Vold    : Device /dev/block/vold/179:0, target /storage/sdcard mounted @ /mnt/secure/staging
04-29 08:58:47.102    32    59 D Vold    : Volume sdcard state changing 3 (Checking) -> 4 (Mounted)
04-29 08:58:47.142   279   314 D MountService: volume state changed for /storage/sdcard (checking -> mounted)
04-29 08:58:47.142   279   314 I PackageManager: Updating external media status from unmounted to mounted
04-29 08:58:47.182   279   314 D MountService: sendStorageIntent Intent { act=android.intent.action.MEDIA_MOUNTED dat=file:///storage/sdcard (has extras) } to UserHandle{-1}
04-29 08:58:47.222   279   293 E NetdConnector: NDC Command {2 firewall disable} took too long (510ms)
04-29 08:58:47.242   279   312 E VoldConnector: NDC Command {3 volume mount /storage/sdcard} took too long (1257ms)
04-29 08:58:47.252   279   296 I ActivityManager: Start proc android.process.media for broadcast com.android.providers.downloads/.DownloadReceiver: pid=364 uid=10015 gids={50015, 1015, 1023, 1024, 1028, 1006, 2001, 3003, 3007}
04-29 08:58:47.262   279   293 I ActivityManager: Config changes=200 {1.0 ?mcc?mnc en_US ldltr sw400dp w400dp h615dp 320dpi nrml port finger qwerty/v/v dpad/v s.3}
04-29 08:58:47.291   279   293 W RecognitionManagerService: no available voice recognition services found for user 0
04-29 08:58:47.442   279   300 I PackageManager: No secure containers on sdcard
04-29 08:58:47.442   279   300 W PackageManager: Unknown permission android.permission.ADD_SYSTEM_SERVICE in package com.android.phone
04-29 08:58:47.472   337   337 D SystemUIService: loading: class com.android.systemui.statusbar.phone.PhoneStatusBar
04-29 08:58:47.522   337   337 D SystemUIService: running: com.android.systemui.statusbar.phone.PhoneStatusBar@41746038
04-29 08:58:47.632   279   300 W PackageManager: Unknown permission com.android.smspush.WAPPUSH_MANAGER_BIND in package com.android.phone
04-29 08:58:47.642   279   300 W PackageManager: Unknown permission com.google.android.googleapps.permission.GOOGLE_AUTH in package com.android.providers.calendar
04-29 08:58:47.642   279   300 W PackageManager: Unknown permission com.google.android.googleapps.permission.GOOGLE_AUTH.cl in package com.android.providers.calendar
04-29 08:58:47.652   279   300 W PackageManager: Unknown permission com.google.android.googleapps.permission.GOOGLE_AUTH.mail in package com.android.calendar
04-29 08:58:47.662   279   300 W PackageManager: Not granting permission android.permission.SEND_DOWNLOAD_COMPLETED_INTENTS to package com.android.browser (protectionLevel=2 flags=0x89be45)
04-29 08:58:47.712   279   300 W PackageManager: Unknown permission com.google.android.googleapps.permission.GOOGLE_AUTH in package com.android.settings
04-29 08:58:47.762   279   300 W PackageManager: Unknown permission com.google.android.gallery3d.permission.GALLERY_PROVIDER in package com.android.exchange
04-29 08:58:47.772   279   300 W PackageManager: Unknown permission com.google.android.googleapps.permission.ACCESS_GOOGLE_PASSWORD in package com.android.development
04-29 08:58:47.772   279   300 W PackageManager: Unknown permission com.google.android.googleapps.permission.GOOGLE_AUTH in package com.android.development
04-29 08:58:47.772   279   300 W PackageManager: Unknown permission com.google.android.googleapps.permission.GOOGLE_AUTH.ALL_SERVICES in package com.android.development
04-29 08:58:47.772   279   300 W PackageManager: Unknown permission com.google.android.googleapps.permission.GOOGLE_AUTH.YouTubeUser in package com.android.development
04-29 08:58:47.783   279   300 W PackageManager: Unknown permission com.google.android.gallery3d.permission.GALLERY_PROVIDER in package com.android.email
04-29 08:58:47.802   279   300 W PackageManager: Not granting permission android.permission.DEVICE_POWER to package com.android.deskclock (protectionLevel=2 flags=0x48be45)
04-29 08:58:47.921   279   282 D dalvikvm: GC_CONCURRENT freed 252K, 8% free 4258K/4588K, paused 8ms+15ms, total 134ms
04-29 08:58:48.312   279   290 I StatusBarManagerService: registerStatusBar bar=com.android.internal.statusbar.IStatusBar$Stub$Proxy@41921fa8
04-29 08:58:48.322   337   337 D PhoneStatusBar: mSettingsPanelGravity = 55
04-29 08:58:48.592   279   293 W InputMethodManagerService: Ignoring setImeWindowStatus of uid 1000 token: null
04-29 08:58:48.832   279   293 I ActivityManager: Start proc com.android.inputmethod.latin for service com.android.inputmethod.latin/.LatinIME: pid=380 uid=10020 gids={50020, 1015, 1028}
04-29 08:58:48.842   279   293 V InputMethodManagerService: Adding window token: android.os.Binder@4190a100
04-29 08:58:48.912   279   293 W GpsLocationProvider: Could not open GPS configuration file /etc/gps.conf
04-29 08:58:48.932   279   293 W ServiceWatcher: com.google.android.location not found
04-29 08:58:48.932   279   293 W ServiceWatcher: com.google.android.location not found
04-29 08:58:48.932   279   293 W LocationManagerService: no network location provider found
04-29 08:58:48.932   279   293 W ServiceWatcher: com.google.android.location not found
04-29 08:58:48.942   279   293 W ServiceWatcher: com.google.android.location not found
04-29 08:58:48.942   279   293 E LocationManagerService: no geocoder provider found
04-29 08:58:48.942   279   293 W ServiceWatcher: com.google.android.location not found
04-29 08:58:48.942   279   293 E LocationManagerService: no geofence provider found
04-29 08:58:49.052   279   293 I CommonTimeManagementService: No common time service detected on this platform.  Common time services will be unavailable.
04-29 08:58:49.062   279   311 I InputReader: Reconfiguring input devices.  changes=0x00000020
04-29 08:58:49.142   279   293 I ActivityManager: Start proc com.android.phone for added application com.android.phone: pid=395 uid=1001 gids={41001, 3002, 3001, 3003, 1015, 1028}
04-29 08:58:49.152   279   311 I InputReader: Reconfiguring input devices.  changes=0x00000010
04-29 08:58:49.272   279   293 I ActivityManager: START u0 {act=android.intent.action.MAIN cat=[android.intent.category.HOME] flg=0x10000000 cmp=com.android.launcher/com.android.launcher2.Launcher} from pid 0
04-29 08:58:49.382   279   293 I ActivityManager: Start proc com.android.launcher for activity com.android.launcher/com.android.launcher2.Launcher: pid=406 uid=10023 gids={50023, 1028}
04-29 08:58:49.442   279   293 I SystemServer: Enabled StrictMode for system server main thread.
04-29 08:58:49.991   279   282 D dalvikvm: GC_CONCURRENT freed 339K, 9% free 4395K/4804K, paused 15ms+158ms, total 924ms
04-29 08:58:50.602   337   341 D dalvikvm: GC_CONCURRENT freed 81K, 6% free 2894K/3048K, paused 4ms+2ms, total 174ms
04-29 08:58:50.602   337   337 D dalvikvm: WAIT_FOR_CONCURRENT_GC blocked 80ms
04-29 08:58:50.672   337   337 I dalvikvm-heap: Grow heap (frag case) to 3.967MB for 1127536-byte allocation
04-29 08:58:50.812   380   380 I LatinIME: Hardware accelerated drawing: true
04-29 08:58:50.822   395   395 W TelephonyProvider: onCreate: confFile=/system/etc/apns-conf.xml oldCheckSum=-1
04-29 08:58:50.852   279   279 D dalvikvm: GREF has increased to 301
04-29 08:58:50.852   337   341 D dalvikvm: GC_CONCURRENT freed 4K, 4% free 3990K/4152K, paused 6ms+3ms, total 188ms
04-29 08:58:51.352   364   364 D MediaScannerReceiver: action: android.intent.action.MEDIA_MOUNTED path: /storage/sdcard
04-29 08:58:51.412   279   295 D         : HostConnection::get() New Host Connection established 0x2a0e6ee0, tid 295
04-29 08:58:51.462   279   291 I ActivityManager: Start proc com.android.settings for broadcast com.android.settings/.widget.SettingsAppWidgetProvider: pid=431 uid=1000 gids={41000, 1015, 1028, 3002, 3001, 3003}
04-29 08:58:52.392   337   337 E BluetoothAdapter: Bluetooth binder is null
04-29 08:58:52.392   337   337 E BluetoothAdapter: Bluetooth binder is null
04-29 08:58:52.812   337   337 E BluetoothAdapter: Bluetooth binder is null
04-29 08:58:52.822   279   379 W ActivityManager: Unable to start service Intent { act=com.android.internal.telephony.IWapPushManager } U=0: not found
04-29 08:58:53.232   380   380 W InputAttributes: No editor info for this field. Bug?
04-29 08:58:53.262   279   282 D dalvikvm: GC_CONCURRENT freed 365K, 9% free 4448K/4888K, paused 6ms+8ms, total 649ms
04-29 08:58:53.532   431   431 E BluetoothAdapter: Bluetooth binder is null
04-29 08:58:53.542   380   380 I ResourceUtils: Found default value: resource=keypress_vibration_durations build=[HARDWARE=goldfish MODEL=sdk BRAND=generic MANUFACTURER=unknown] default=20
04-29 08:58:53.542   380   380 I ResourceUtils: Found default value: resource=keypress_volumes build=[HARDWARE=goldfish MODEL=sdk BRAND=generic MANUFACTURER=unknown] default=0.2f
04-29 08:58:53.732   337   341 D dalvikvm: GC_CONCURRENT freed 65K, 4% free 4336K/4476K, paused 5ms+39ms, total 241ms
04-29 08:58:53.832   279   379 I ActivityManager: Start proc android.process.acore for content provider com.android.providers.contacts/.CallLogProvider: pid=459 uid=10010 gids={50010, 3003, 1015, 1028}
04-29 08:58:53.902   395   395 E BluetoothAdapter: Bluetooth binder is null
04-29 08:58:54.132   395   397 D dalvikvm: GC_CONCURRENT freed 173K, 9% free 2730K/2972K, paused 4ms+23ms, total 449ms
04-29 08:58:54.392   395   395 D CallNotifier: CallNotifier: mSignalInfoToneGenerator created when toneplay
04-29 08:58:54.392   395   395 E BluetoothAdapter: Bluetooth binder is null
04-29 08:58:54.882   337   337 E BluetoothAdapter: Bluetooth binder is null
04-29 08:58:54.951   406   410 D dalvikvm: GC_CONCURRENT freed 186K, 9% free 2778K/3036K, paused 13ms+116ms, total 459ms
04-29 08:58:55.062   279   282 D dalvikvm: GC_CONCURRENT freed 435K, 11% free 4522K/5036K, paused 44ms+33ms, total 589ms
04-29 08:58:55.062   279   449 D dalvikvm: WAIT_FOR_CONCURRENT_GC blocked 77ms
04-29 08:58:55.062   279   291 D dalvikvm: WAIT_FOR_CONCURRENT_GC blocked 171ms
04-29 08:58:55.062   279   378 D dalvikvm: WAIT_FOR_CONCURRENT_GC blocked 145ms
04-29 08:58:55.072   279   290 D dalvikvm: WAIT_FOR_CONCURRENT_GC blocked 91ms
04-29 08:58:55.102   279   293 D dalvikvm: WAIT_FOR_CONCURRENT_GC blocked 272ms
04-29 08:58:55.462   431   431 E BluetoothAdapter: Bluetooth binder is null
04-29 08:58:55.622   279   293 D MobileDataStateTracker: fota: Broadcast received: android.intent.action.ANY_DATA_STATE apnType=fota
04-29 08:58:55.642   279   293 D MobileDataStateTracker: fota: fota setting isAvailable to true
04-29 08:58:55.642   279   293 D MobileDataStateTracker: fota: Received state=DISCONNECTED, old=DISCONNECTED, reason=radioTurnedOff
04-29 08:58:55.692   279   293 D MobileDataStateTracker: supl: Broadcast received: android.intent.action.ANY_DATA_STATE apnType=supl
04-29 08:58:55.702   279   293 D MobileDataStateTracker: supl: supl setting isAvailable to true
04-29 08:58:55.702   279   293 D MobileDataStateTracker: supl: Received state=DISCONNECTED, old=DISCONNECTED, reason=radioTurnedOff
04-29 08:58:55.712   279   293 D MobileDataStateTracker: hipri: Broadcast received: android.intent.action.ANY_DATA_STATE apnType=hipri
04-29 08:58:55.732   279   293 D MobileDataStateTracker: hipri: hipri setting isAvailable to true
04-29 08:58:55.732   279   293 D MobileDataStateTracker: hipri: Received state=DISCONNECTED, old=DISCONNECTED, reason=radioTurnedOff
04-29 08:58:55.752   279   293 D MobileDataStateTracker: ims: Broadcast received: android.intent.action.ANY_DATA_STATE apnType=ims
04-29 08:58:55.772   279   293 D MobileDataStateTracker: ims: ims setting isAvailable to true
04-29 08:58:55.782   279   293 D MobileDataStateTracker: ims: Received state=DISCONNECTED, old=DISCONNECTED, reason=radioTurnedOff
04-29 08:58:55.793   279   293 D MobileDataStateTracker: default: Broadcast received: android.intent.action.ANY_DATA_STATE apnType=default
04-29 08:58:55.802   279   293 D MobileDataStateTracker: default: default setting isAvailable to true
04-29 08:58:55.802   279   293 D MobileDataStateTracker: default: Received state=DISCONNECTED, old=DISCONNECTED, reason=radioTurnedOff
04-29 08:58:55.802   279   293 D MobileDataStateTracker: mms: Broadcast received: android.intent.action.ANY_DATA_STATE apnType=mms
04-29 08:58:55.822   279   378 D dalvikvm: GREF has increased to 401
04-29 08:58:55.842   279   293 D MobileDataStateTracker: mms: mms setting isAvailable to true
04-29 08:58:55.842   279   293 D MobileDataStateTracker: mms: Received state=DISCONNECTED, old=DISCONNECTED, reason=radioTurnedOff
04-29 08:58:55.872   279   293 D MobileDataStateTracker: cbs: Broadcast received: android.intent.action.ANY_DATA_STATE apnType=cbs
04-29 08:58:55.882   279   293 D MobileDataStateTracker: cbs: cbs setting isAvailable to true
04-29 08:58:55.882   279   293 D MobileDataStateTracker: cbs: Received state=DISCONNECTED, old=DISCONNECTED, reason=radioTurnedOff
04-29 08:58:55.912   279   293 D MobileDataStateTracker: fota: Broadcast received: android.intent.action.ANY_DATA_STATE apnType=fota
04-29 08:58:55.931   279   293 D MobileDataStateTracker: fota: fota setting isAvailable to true
04-29 08:58:55.931   279   293 D MobileDataStateTracker: fota: Received state=DISCONNECTED, old=DISCONNECTED, reason=radioTurnedOff
04-29 08:58:55.941   279   293 D MobileDataStateTracker: supl: Broadcast received: android.intent.action.ANY_DATA_STATE apnType=supl
04-29 08:58:55.961   279   293 D MobileDataStateTracker: supl: supl setting isAvailable to true
04-29 08:58:55.961   279   293 D MobileDataStateTracker: supl: Received state=DISCONNECTED, old=DISCONNECTED, reason=radioTurnedOff
04-29 08:58:55.971   279   293 D MobileDataStateTracker: hipri: Broadcast received: android.intent.action.ANY_DATA_STATE apnType=hipri
04-29 08:58:55.991   279   293 D MobileDataStateTracker: hipri: hipri setting isAvailable to true
04-29 08:58:56.001   279   293 D MobileDataStateTracker: hipri: Received state=DISCONNECTED, old=DISCONNECTED, reason=radioTurnedOff
04-29 08:58:56.001   279   293 D MobileDataStateTracker: ims: Broadcast received: android.intent.action.ANY_DATA_STATE apnType=ims
04-29 08:58:56.042   279   293 D MobileDataStateTracker: ims: ims setting isAvailable to true
04-29 08:58:56.042   279   293 D MobileDataStateTracker: ims: Received state=DISCONNECTED, old=DISCONNECTED, reason=radioTurnedOff
04-29 08:58:56.062   279   293 D MobileDataStateTracker: mms: Broadcast received: android.intent.action.ANY_DATA_STATE apnType=mms
04-29 08:58:56.134   279   293 D MobileDataStateTracker: mms: mms setting isAvailable to true
04-29 08:58:56.134   279   293 D MobileDataStateTracker: mms: Received state=DISCONNECTED, old=DISCONNECTED, reason=radioTurnedOff
04-29 08:58:56.142   279   293 D MobileDataStateTracker: cbs: Broadcast received: android.intent.action.ANY_DATA_STATE apnType=cbs
04-29 08:58:56.202   279   293 D MobileDataStateTracker: cbs: cbs setting isAvailable to true
04-29 08:58:56.202   279   293 D MobileDataStateTracker: cbs: Received state=DISCONNECTED, old=DISCONNECTED, reason=radioTurnedOff
04-29 08:58:56.212   279   293 D MobileDataStateTracker: default: Broadcast received: android.intent.action.ANY_DATA_STATE apnType=default
04-29 08:58:56.232   279   293 D MobileDataStateTracker: default: default setting isAvailable to true
04-29 08:58:56.232   279   293 D MobileDataStateTracker: default: Received state=DISCONNECTED, old=DISCONNECTED, reason=dataDetached
04-29 08:58:56.232   279   293 D MobileDataStateTracker: fota: Broadcast received: android.intent.action.ANY_DATA_STATE apnType=fota
04-29 08:58:56.272   279   293 D MobileDataStateTracker: fota: fota setting isAvailable to true
04-29 08:58:56.272   279   293 D MobileDataStateTracker: fota: Received state=DISCONNECTED, old=DISCONNECTED, reason=dataDetached
04-29 08:58:56.272   279   293 D MobileDataStateTracker: supl: Broadcast received: android.intent.action.ANY_DATA_STATE apnType=supl
04-29 08:58:56.303   279   293 D MobileDataStateTracker: supl: supl setting isAvailable to true
04-29 08:58:56.303   279   293 D MobileDataStateTracker: supl: Received state=DISCONNECTED, old=DISCONNECTED, reason=dataDetached
04-29 08:58:56.312   279   293 D MobileDataStateTracker: hipri: Broadcast received: android.intent.action.ANY_DATA_STATE apnType=hipri
04-29 08:58:56.382   279   293 D MobileDataStateTracker: hipri: hipri setting isAvailable to true
04-29 08:58:56.382   279   293 D MobileDataStateTracker: hipri: Received state=DISCONNECTED, old=DISCONNECTED, reason=dataDetached
04-29 08:58:56.392   279   293 D MobileDataStateTracker: ims: Broadcast received: android.intent.action.ANY_DATA_STATE apnType=ims
04-29 08:58:56.422   279   293 D MobileDataStateTracker: ims: ims setting isAvailable to true
04-29 08:58:56.432   279   293 D MobileDataStateTracker: ims: Received state=DISCONNECTED, old=DISCONNECTED, reason=dataDetached
04-29 08:58:56.432   279   293 D MobileDataStateTracker: mms: Broadcast received: android.intent.action.ANY_DATA_STATE apnType=mms
04-29 08:58:56.453   279   293 D MobileDataStateTracker: mms: mms setting isAvailable to true
04-29 08:58:56.453   279   293 D MobileDataStateTracker: mms: Received state=DISCONNECTED, old=DISCONNECTED, reason=dataDetached
04-29 08:58:56.453   279   293 D MobileDataStateTracker: cbs: Broadcast received: android.intent.action.ANY_DATA_STATE apnType=cbs
04-29 08:58:56.472   279   293 D MobileDataStateTracker: cbs: cbs setting isAvailable to true
04-29 08:58:56.472   279   293 D MobileDataStateTracker: cbs: Received state=DISCONNECTED, old=DISCONNECTED, reason=dataDetached
04-29 08:58:56.472   279   293 D MobileDataStateTracker: fota: Broadcast received: android.intent.action.ANY_DATA_STATE apnType=fota
04-29 08:58:56.532   279   293 D MobileDataStateTracker: fota: fota setting isAvailable to true
04-29 08:58:56.532   279   293 D MobileDataStateTracker: fota: Received state=DISCONNECTED, old=DISCONNECTED, reason=roamingOff
04-29 08:58:56.542   279   293 D MobileDataStateTracker: supl: Broadcast received: android.intent.action.ANY_DATA_STATE apnType=supl
04-29 08:58:56.552   279   293 D MobileDataStateTracker: supl: supl setting isAvailable to true
04-29 08:58:56.552   279   293 D MobileDataStateTracker: supl: Received state=DISCONNECTED, old=DISCONNECTED, reason=roamingOff
04-29 08:58:56.552   279   293 D MobileDataStateTracker: hipri: Broadcast received: android.intent.action.ANY_DATA_STATE apnType=hipri
04-29 08:58:56.562   279   293 D MobileDataStateTracker: hipri: hipri setting isAvailable to true
04-29 08:58:56.562   279   293 D MobileDataStateTracker: hipri: Received state=DISCONNECTED, old=DISCONNECTED, reason=roamingOff
04-29 08:58:56.562   279   293 D MobileDataStateTracker: ims: Broadcast received: android.intent.action.ANY_DATA_STATE apnType=ims
04-29 08:58:56.582   279   293 D MobileDataStateTracker: ims: ims setting isAvailable to true
04-29 08:58:56.582   279   293 D MobileDataStateTracker: ims: Received state=DISCONNECTED, old=DISCONNECTED, reason=roamingOff
04-29 08:58:56.582   279   293 D MobileDataStateTracker: mms: Broadcast received: android.intent.action.ANY_DATA_STATE apnType=mms
04-29 08:58:56.612   279   293 D MobileDataStateTracker: mms: mms setting isAvailable to true
04-29 08:58:56.612   279   293 D MobileDataStateTracker: mms: Received state=DISCONNECTED, old=DISCONNECTED, reason=roamingOff
04-29 08:58:56.612   279   293 D MobileDataStateTracker: cbs: Broadcast received: android.intent.action.ANY_DATA_STATE apnType=cbs
04-29 08:58:56.622   279   293 D MobileDataStateTracker: cbs: cbs setting isAvailable to true
04-29 08:58:56.622   279   293 D MobileDataStateTracker: cbs: Received state=DISCONNECTED, old=DISCONNECTED, reason=roamingOff
04-29 08:58:56.622   279   293 D MobileDataStateTracker: fota: Broadcast received: android.intent.action.ANY_DATA_STATE apnType=fota
04-29 08:58:56.632   279   293 D MobileDataStateTracker: fota: fota setting isAvailable to true
04-29 08:58:56.632   279   293 D MobileDataStateTracker: fota: Received state=DISCONNECTED, old=DISCONNECTED, reason=roamingOff
04-29 08:58:56.642   279   293 D MobileDataStateTracker: supl: Broadcast received: android.intent.action.ANY_DATA_STATE apnType=supl
04-29 08:58:56.662   279   293 D MobileDataStateTracker: supl: supl setting isAvailable to true
04-29 08:58:56.662   279   293 D MobileDataStateTracker: supl: Received state=DISCONNECTED, old=DISCONNECTED, reason=roamingOff
04-29 08:58:56.662   279   293 D MobileDataStateTracker: hipri: Broadcast received: android.intent.action.ANY_DATA_STATE apnType=hipri
04-29 08:58:56.672   279   293 D MobileDataStateTracker: hipri: hipri setting isAvailable to true
04-29 08:58:56.672   279   293 D MobileDataStateTracker: hipri: Received state=DISCONNECTED, old=DISCONNECTED, reason=roamingOff
04-29 08:58:56.672   279   293 D MobileDataStateTracker: ims: Broadcast received: android.intent.action.ANY_DATA_STATE apnType=ims
04-29 08:58:56.712   279   293 D MobileDataStateTracker: ims: ims setting isAvailable to true
04-29 08:58:56.712   279   293 D MobileDataStateTracker: ims: Received state=DISCONNECTED, old=DISCONNECTED, reason=roamingOff
04-29 08:58:56.712   279   293 D MobileDataStateTracker: mms: Broadcast received: android.intent.action.ANY_DATA_STATE apnType=mms
04-29 08:58:56.722   279   293 D MobileDataStateTracker: mms: mms setting isAvailable to true
04-29 08:58:56.722   279   293 D MobileDataStateTracker: mms: Received state=DISCONNECTED, old=DISCONNECTED, reason=roamingOff
04-29 08:58:56.722   279   293 D MobileDataStateTracker: cbs: Broadcast received: android.intent.action.ANY_DATA_STATE apnType=cbs
04-29 08:58:56.732   279   293 D MobileDataStateTracker: cbs: cbs setting isAvailable to true
04-29 08:58:56.732   279   293 D MobileDataStateTracker: cbs: Received state=DISCONNECTED, old=DISCONNECTED, reason=roamingOff
04-29 08:58:56.951   395   395 D TelephonyDebugService: TelephonyDebugService()
04-29 08:58:56.961   337   337 D PhoneStatusBar: disable: < expand icons alerts ticker system_info back home recent clock search >
04-29 08:58:57.182   337   341 D dalvikvm: GC_CONCURRENT freed 260K, 7% free 4585K/4916K, paused 6ms+3ms, total 159ms
04-29 08:58:57.562   279   293 I FusedLocation: engine started (com.android.location.fused)
04-29 08:58:57.892   337   337 E BluetoothAdapter: Bluetooth binder is null
04-29 08:58:57.971   406   410 D dalvikvm: GC_CONCURRENT freed 59K, 5% free 3117K/3248K, paused 6ms+151ms, total 500ms
04-29 08:58:58.032   337   337 D SystemUIService: loading: class com.android.systemui.power.PowerUI
04-29 08:58:58.032   337   337 D SystemUIService: running: com.android.systemui.power.PowerUI@41979340
04-29 08:58:58.052   337   337 D SystemUIService: loading: class com.android.systemui.media.RingtonePlayer
04-29 08:58:58.062   337   337 D SystemUIService: running: com.android.systemui.media.RingtonePlayer@41911b48
04-29 08:58:58.082   337   337 D SystemUIService: loading: class com.android.systemui.settings.SettingsUI
04-29 08:58:58.094   337   337 D SystemUIService: running: com.android.systemui.settings.SettingsUI@419480b8
04-29 08:58:58.252   337   337 I Choreographer: Skipped 385 frames!  The application may be doing too much work on its main thread.
04-29 08:58:58.422   279   293 D MobileDataStateTracker: default: Broadcast received: android.intent.action.ANY_DATA_STATE apnType=default
04-29 08:58:58.422   279   293 D MobileDataStateTracker: default: default setting isAvailable to true
04-29 08:58:58.422   279   293 D MobileDataStateTracker: default: Received state=DISCONNECTED, old=DISCONNECTED, reason=(unspecified)
04-29 08:58:58.722   279   282 D dalvikvm: GC_CONCURRENT freed 495K, 11% free 4561K/5104K, paused 9ms+6ms, total 603ms
04-29 08:58:59.032   395   397 D dalvikvm: GC_CONCURRENT freed 295K, 12% free 2850K/3216K, paused 6ms+25ms, total 234ms
04-29 08:58:59.522   279   293 D MobileDataStateTracker: fota: Broadcast received: android.intent.action.ANY_DATA_STATE apnType=fota
04-29 08:58:59.522   279   293 D MobileDataStateTracker: fota: fota setting isAvailable to true
04-29 08:58:59.522   279   293 D MobileDataStateTracker: fota: Received state=DISCONNECTED, old=DISCONNECTED, reason=dataAttached
04-29 08:58:59.552   279   293 D MobileDataStateTracker: supl: Broadcast received: android.intent.action.ANY_DATA_STATE apnType=supl
04-29 08:58:59.552   279   293 D MobileDataStateTracker: supl: supl setting isAvailable to true
04-29 08:58:59.552   279   293 D MobileDataStateTracker: supl: Received state=DISCONNECTED, old=DISCONNECTED, reason=dataAttached
04-29 08:58:59.562   279   293 D MobileDataStateTracker: hipri: Broadcast received: android.intent.action.ANY_DATA_STATE apnType=hipri
04-29 08:58:59.572   279   293 D MobileDataStateTracker: hipri: hipri setting isAvailable to true
04-29 08:58:59.572   279   293 D MobileDataStateTracker: hipri: Received state=DISCONNECTED, old=DISCONNECTED, reason=dataAttached
04-29 08:58:59.592   279   293 D MobileDataStateTracker: ims: Broadcast received: android.intent.action.ANY_DATA_STATE apnType=ims
04-29 08:58:59.612   279   293 D MobileDataStateTracker: ims: ims setting isAvailable to true
04-29 08:58:59.612   279   293 D MobileDataStateTracker: ims: Received state=DISCONNECTED, old=DISCONNECTED, reason=dataAttached
04-29 08:58:59.642   279   293 D MobileDataStateTracker: mms: Broadcast received: android.intent.action.ANY_DATA_STATE apnType=mms
04-29 08:58:59.652   279   293 D MobileDataStateTracker: mms: mms setting isAvailable to true
04-29 08:58:59.652   279   293 D MobileDataStateTracker: mms: Received state=DISCONNECTED, old=DISCONNECTED, reason=dataAttached
04-29 08:58:59.672   279   293 D MobileDataStateTracker: cbs: Broadcast received: android.intent.action.ANY_DATA_STATE apnType=cbs
04-29 08:58:59.702   279   293 D MobileDataStateTracker: cbs: cbs setting isAvailable to true
04-29 08:58:59.702   279   293 D MobileDataStateTracker: cbs: Received state=DISCONNECTED, old=DISCONNECTED, reason=dataAttached
04-29 08:58:59.732   279   293 D MobileDataStateTracker: fota: Broadcast received: android.intent.action.ANY_DATA_STATE apnType=fota
04-29 08:58:59.742   279   293 D MobileDataStateTracker: fota: fota setting isAvailable to true
04-29 08:58:59.762   279   293 D MobileDataStateTracker: fota: Received state=DISCONNECTED, old=DISCONNECTED, reason=dataAttached
04-29 08:58:59.782   279   293 D MobileDataStateTracker: supl: Broadcast received: android.intent.action.ANY_DATA_STATE apnType=supl
04-29 08:58:59.792   279   293 D MobileDataStateTracker: supl: supl setting isAvailable to true
04-29 08:58:59.792   279   293 D MobileDataStateTracker: supl: Received state=DISCONNECTED, old=DISCONNECTED, reason=dataAttached
04-29 08:58:59.832   279   293 D MobileDataStateTracker: hipri: Broadcast received: android.intent.action.ANY_DATA_STATE apnType=hipri
04-29 08:58:59.842   279   293 D MobileDataStateTracker: hipri: hipri setting isAvailable to true
04-29 08:58:59.842   279   293 D MobileDataStateTracker: hipri: Received state=DISCONNECTED, old=DISCONNECTED, reason=dataAttached
04-29 08:58:59.882   279   293 D MobileDataStateTracker: ims: Broadcast received: android.intent.action.ANY_DATA_STATE apnType=ims
04-29 08:58:59.902   279   293 D MobileDataStateTracker: ims: ims setting isAvailable to true
04-29 08:58:59.902   279   293 D MobileDataStateTracker: ims: Received state=DISCONNECTED, old=DISCONNECTED, reason=dataAttached
04-29 08:58:59.941   279   293 D MobileDataStateTracker: mms: Broadcast received: android.intent.action.ANY_DATA_STATE apnType=mms
04-29 08:58:59.961   279   293 D MobileDataStateTracker: mms: mms setting isAvailable to true
04-29 08:58:59.961   279   293 D MobileDataStateTracker: mms: Received state=DISCONNECTED, old=DISCONNECTED, reason=dataAttached
04-29 08:58:59.961   279   293 D MobileDataStateTracker: cbs: Broadcast received: android.intent.action.ANY_DATA_STATE apnType=cbs
04-29 08:59:00.012   279   293 D MobileDataStateTracker: cbs: cbs setting isAvailable to true
04-29 08:59:00.012   279   293 D MobileDataStateTracker: cbs: Received state=DISCONNECTED, old=DISCONNECTED, reason=dataAttached
04-29 08:59:00.342   337   337 D libEGL  : loaded /system/lib/egl/libEGL_emulation.so
04-29 08:59:00.392   279   296 W ActivityManager: Activity idle timeout for ActivityRecord{419598e0 u0 com.android.launcher/com.android.launcher2.Launcher}
04-29 08:59:00.482   279   293 E BluetoothAdapter: Bluetooth binder is null
04-29 08:59:00.482   279   293 E BluetoothAdapter: Bluetooth binder is null
04-29 08:59:00.482   279   293 V WiredAccessoryManager: init()
04-29 08:59:00.522   337   337 D         : HostConnection::get() New Host Connection established 0x2a260180, tid 337
04-29 08:59:00.582   337   337 D libEGL  : loaded /system/lib/egl/libGLESv1_CM_emulation.so
04-29 08:59:00.632   279   331 E SoundPool: error loading /system/media/audio/ui/Effect_Tick.ogg
04-29 08:59:00.632   279   331 W AudioService: Soundpool could not load file: /system/media/audio/ui/Effect_Tick.ogg
04-29 08:59:00.632   279   331 E SoundPool: error loading /system/media/audio/ui/Effect_Tick.ogg
04-29 08:59:00.632   279   331 W AudioService: Soundpool could not load file: /system/media/audio/ui/Effect_Tick.ogg
04-29 08:59:00.632   279   331 E SoundPool: error loading /system/media/audio/ui/Effect_Tick.ogg
04-29 08:59:00.632   279   331 W AudioService: Soundpool could not load file: /system/media/audio/ui/Effect_Tick.ogg
04-29 08:59:00.632   279   331 E SoundPool: error loading /system/media/audio/ui/Effect_Tick.ogg
04-29 08:59:00.632   279   331 W AudioService: Soundpool could not load file: /system/media/audio/ui/Effect_Tick.ogg
04-29 08:59:00.632   279   331 E SoundPool: error loading /system/media/audio/ui/Effect_Tick.ogg
04-29 08:59:00.632   279   331 W AudioService: Soundpool could not load file: /system/media/audio/ui/Effect_Tick.ogg
04-29 08:59:00.632   279   331 E SoundPool: error loading /system/media/audio/ui/KeypressStandard.ogg
04-29 08:59:00.632   279   331 W AudioService: Soundpool could not load file: /system/media/audio/ui/KeypressStandard.ogg
04-29 08:59:00.642   337   337 D libEGL  : loaded /system/lib/egl/libGLESv2_emulation.so
04-29 08:59:00.672   279   331 E SoundPool: error loading /system/media/audio/ui/KeypressSpacebar.ogg
04-29 08:59:00.672   279   331 W AudioService: Soundpool could not load file: /system/media/audio/ui/KeypressSpacebar.ogg
04-29 08:59:00.672   279   331 E SoundPool: error loading /system/media/audio/ui/KeypressDelete.ogg
04-29 08:59:00.672   279   331 W AudioService: Soundpool could not load file: /system/media/audio/ui/KeypressDelete.ogg
04-29 08:59:00.672   279   331 E SoundPool: error loading /system/media/audio/ui/KeypressReturn.ogg
04-29 08:59:00.672   279   331 W AudioService: Soundpool could not load file: /system/media/audio/ui/KeypressReturn.ogg
04-29 08:59:00.692   279   331 W AudioService: onLoadSoundEffects(), Error -1 while loading samples
04-29 08:59:01.012   337   337 W EGL_emulation: eglSurfaceAttrib not implemented
04-29 08:59:01.042   406   410 D dalvikvm: GC_CONCURRENT freed 113K, 5% free 3447K/3628K, paused 5ms+39ms, total 286ms
04-29 08:59:01.072   279   446 I WifiService: WifiService trying to set country code to us with persist set to true
04-29 08:59:01.093   279   477 I ActivityManager: Config changes=1403 {1.0 310mcc260mnc en_US ldltr sw400dp w400dp h615dp 320dpi nrml port finger qwerty/v/v dpad/v s.4}
04-29 08:59:01.132   337   337 D OpenGLRenderer: Enabling debug mode 0
04-29 08:59:01.242    37   111 D PermissionCache: checking android.permission.READ_FRAME_BUFFER for uid=1000 => granted (1093 us)
04-29 08:59:01.292    37   111 D         : HostConnection::get() New Host Connection established 0x2a020e40, tid 111
04-29 08:59:01.812   337   337 D dalvikvm: GREF has increased to 201
04-29 08:59:01.892   406   406 I Choreographer: Skipped 50 frames!  The application may be doing too much work on its main thread.
04-29 08:59:02.252   279   295 W WindowManager: Window freeze timeout expired.
04-29 08:59:02.252   279   295 W WindowManager: Force clearing orientation change: Window{41970df8 u0 StatusBar}
04-29 08:59:02.702   406   406 D libEGL  : loaded /system/lib/egl/libEGL_emulation.so
04-29 08:59:02.762   406   406 D         : HostConnection::get() New Host Connection established 0x2a287be0, tid 406
04-29 08:59:02.802   406   410 D dalvikvm: GC_CONCURRENT freed 199K, 8% free 3694K/3988K, paused 6ms+4ms, total 374ms
04-29 08:59:02.822   406   406 D libEGL  : loaded /system/lib/egl/libGLESv1_CM_emulation.so
04-29 08:59:02.822   406   406 D libEGL  : loaded /system/lib/egl/libGLESv2_emulation.so
04-29 08:59:02.912   279   478 I WifiService: WifiService trying to set country code to us with persist set to true
04-29 08:59:02.931   279   446 I ActivityManager: Config changes=1400 {1.0 310mcc260mnc en_US ldltr sw400dp w400dp h615dp 320dpi nrml port finger qwerty/v/v dpad/v s.5}
04-29 08:59:02.971   406   406 W EGL_emulation: eglSurfaceAttrib not implemented
04-29 08:59:03.042   406   406 D OpenGLRenderer: Enabling debug mode 0
04-29 08:59:03.152   337   337 D dalvikvm: GC_FOR_ALLOC freed 113K, 4% free 4883K/5068K, paused 332ms, total 345ms
04-29 08:59:03.442   395   397 D dalvikvm: GC_CONCURRENT freed 307K, 11% free 2955K/3320K, paused 5ms+4ms, total 227ms
04-29 08:59:03.632   459   461 W dalvikvm: threadid=2: spin on suspend #1 threadid=11 (pcf=0)
04-29 08:59:03.632   459   461 D dalvikvm: Temporarily moving tid 482 to fg (was 0)
04-29 08:59:03.632   459   461 D dalvikvm: Temporarily raised priority on tid 482 (10 -> 0)
04-29 08:59:03.652   406   445 W Launcher.Model: LoaderTask running with no launcher (loadAllAppsByBatch)
04-29 08:59:03.663   337   337 I dalvikvm-heap: Grow heap (frag case) to 10.948MB for 6410576-byte allocation
04-29 08:59:03.672   459   461 W dalvikvm: threadid=2: spin on suspend resolved in 1044 msec
04-29 08:59:03.682   459   461 D dalvikvm: Restored policy of 482 to 0
04-29 08:59:03.682   459   461 D dalvikvm: Restored priority on 482 to 10
04-29 08:59:03.712   459   461 D dalvikvm: GC_CONCURRENT freed 185K, 9% free 2729K/2984K, paused 19ms+1163ms, total 1547ms
04-29 08:59:03.852   337   353 D dalvikvm: GC_FOR_ALLOC freed 5K, 2% free 11138K/11332K, paused 180ms, total 180ms
04-29 08:59:04.192   337   341 D dalvikvm: GC_CONCURRENT freed <1K, 2% free 11139K/11332K, paused 7ms+31ms, total 340ms
04-29 08:59:04.232   279   282 D dalvikvm: GC_CONCURRENT freed 365K, 10% free 4603K/5104K, paused 7ms+132ms, total 736ms
04-29 08:59:04.862   395   397 D dalvikvm: GC_CONCURRENT freed 436K, 15% free 3016K/3520K, paused 7ms+48ms, total 363ms
04-29 08:59:05.152   380   382 D dalvikvm: GC_CONCURRENT freed 192K, 9% free 2692K/2956K, paused 6ms+47ms, total 354ms
04-29 08:59:05.542   406   410 D dalvikvm: GC_CONCURRENT freed 379K, 11% free 3755K/4208K, paused 5ms+50ms, total 229ms
04-29 08:59:05.573   279   478 D dalvikvm: GC_FOR_ALLOC freed 192K, 12% free 4595K/5172K, paused 374ms, total 386ms
04-29 08:59:05.573   279   478 I dalvikvm-heap: Grow heap (frag case) to 4.617MB for 58934-byte allocation
04-29 08:59:05.903   279   305 D dalvikvm: GC_FOR_ALLOC freed 39K, 12% free 4613K/5232K, paused 328ms, total 328ms
04-29 08:59:06.172   279   293 D MobileDataStateTracker: fota: Broadcast received: android.intent.action.ANY_DATA_STATE apnType=fota
04-29 08:59:06.182   279   293 D MobileDataStateTracker: fota: fota setting isAvailable to false
04-29 08:59:06.182   279   293 D MobileDataStateTracker: fota: Received state=DISCONNECTED, old=DISCONNECTED, reason=simLoaded
04-29 08:59:06.212   279   293 D MobileDataStateTracker: supl: Broadcast received: android.intent.action.ANY_DATA_STATE apnType=supl
04-29 08:59:06.222   279   293 D MobileDataStateTracker: supl: supl setting isAvailable to false
04-29 08:59:06.222   279   293 D MobileDataStateTracker: supl: Received state=DISCONNECTED, old=DISCONNECTED, reason=simLoaded
04-29 08:59:06.232   279   293 D MobileDataStateTracker: hipri: Broadcast received: android.intent.action.ANY_DATA_STATE apnType=hipri
04-29 08:59:06.242   279   293 D MobileDataStateTracker: hipri: hipri setting isAvailable to false
04-29 08:59:06.242   279   293 D MobileDataStateTracker: hipri: Received state=DISCONNECTED, old=DISCONNECTED, reason=simLoaded
04-29 08:59:06.262   279   293 D MobileDataStateTracker: ims: Broadcast received: android.intent.action.ANY_DATA_STATE apnType=ims
04-29 08:59:06.282   279   293 D MobileDataStateTracker: ims: ims setting isAvailable to false
04-29 08:59:06.282   279   293 D MobileDataStateTracker: ims: Received state=DISCONNECTED, old=DISCONNECTED, reason=simLoaded
04-29 08:59:06.312   279   293 D MobileDataStateTracker: mms: Broadcast received: android.intent.action.ANY_DATA_STATE apnType=mms
