04-29 09:00:08.891   279   323 D ConnectivityService: ConnectivityChange for mobile_hipri: DISCONNECTED/DISCONNECTED
04-29 09:00:08.901   279   286 I dalvikvm: Jit: resizing JitTable from 4096 to 8192
04-29 09:00:08.981    34   276 E SecondaryTablController: Interface not found
04-29 09:00:08.991    34   276 W FrameworkListener: Handler 'interface' error (No such device)
04-29 09:00:09.071   279   323 D Nat464Xlat: requiresClat: netType=5, hasIPv4Address=true
04-29 09:00:09.391   279   282 D dalvikvm: GC_CONCURRENT freed 916K, 39% free 4727K/7684K, paused 6ms+8ms, total 90ms
04-29 09:00:09.771   279   282 D dalvikvm: GC_CONCURRENT freed 464K, 39% free 4723K/7684K, paused 6ms+7ms, total 143ms
04-29 09:00:10.111   279   282 D dalvikvm: GC_CONCURRENT freed 457K, 39% free 4723K/7684K, paused 6ms+9ms, total 84ms
04-29 09:00:10.451   279   282 D dalvikvm: GC_CONCURRENT freed 456K, 39% free 4722K/7684K, paused 7ms+20ms, total 107ms
04-29 09:00:10.761   279   282 D dalvikvm: GC_CONCURRENT freed 456K, 39% free 4722K/7684K, paused 6ms+6ms, total 81ms
04-29 09:00:11.061   279   282 D dalvikvm: GC_CONCURRENT freed 456K, 39% free 4722K/7684K, paused 6ms+7ms, total 85ms
04-29 09:00:11.331   279   282 D dalvikvm: GC_CONCURRENT freed 454K, 39% free 4722K/7684K, paused 6ms+7ms, total 83ms
04-29 09:00:11.630   279   282 D dalvikvm: GC_CONCURRENT freed 456K, 39% free 4744K/7684K, paused 5ms+8ms, total 91ms
04-29 09:00:11.911   279   282 D dalvikvm: GC_CONCURRENT freed 478K, 39% free 4722K/7684K, paused 6ms+8ms, total 92ms
04-29 09:00:12.101   279   325 D Tethering: MasterInitialState.processMessage what=3
04-29 09:00:12.111   279   357 D CaptivePortalTracker: NoActiveNetworkState{ what=1 when=0 obj=NetworkInfo: type: mobile_hipri[UMTS], state: DISCONNECTED/DISCONNECTED, reason: dataDisabled, extra: epc.tmobile.com, roaming: false, failover: false, isAvailable: true, isConnectedToProvisioningNetwork: false }
04-29 09:00:12.111   279   357 D CaptivePortalTracker: NoActiveNetworkState not a wifi connectivity change, ignore
04-29 09:00:12.121   279   325 D Tethering: MasterInitialState.processMessage what=3
04-29 09:00:12.161   279   357 D CaptivePortalTracker: NoActiveNetworkState{ what=1 when=0 obj=NetworkInfo: type: mobile[UMTS], state: CONNECTED/CONNECTED, reason: connected, extra: epc.tmobile.com, roaming: false, failover: false, isAvailable: true, isConnectedToProvisioningNetwork: false }
04-29 09:00:12.161   279   357 D CaptivePortalTracker: NoActiveNetworkState not a wifi connectivity change, ignore
04-29 09:00:12.701   279   282 D dalvikvm: GC_CONCURRENT freed 437K, 39% free 4728K/7684K, paused 5ms+7ms, total 106ms
04-29 09:00:13.061   279   282 D dalvikvm: GC_CONCURRENT freed 458K, 39% free 4750K/7684K, paused 6ms+8ms, total 117ms
04-29 09:00:13.481   279   282 D dalvikvm: GC_CONCURRENT freed 473K, 39% free 4737K/7684K, paused 8ms+12ms, total 139ms
04-29 09:00:13.841   279   282 D dalvikvm: GC_CONCURRENT freed 468K, 39% free 4749K/7684K, paused 6ms+6ms, total 104ms
04-29 09:00:13.851   279   509 D ConnectivityService: [CheckMp] isMobileOk: X result=0
04-29 09:00:13.851   279   293 D ConnectivityService: [CheckMp] onPostExecute: result=0
04-29 09:00:13.851   279   293 D ConnectivityService: CheckMp.onComplete: result=0
04-29 09:00:13.851   279   293 D ConnectivityService: CheckMp.onComplete: ignore, connected or no connection
04-29 09:01:44.681  2198  2198 D AndroidRuntime: 
04-29 09:01:44.681  2198  2198 D AndroidRuntime: >>>>>> AndroidRuntime START com.android.internal.os.RuntimeInit <<<<<<
04-29 09:01:44.692  2198  2198 D AndroidRuntime: CheckJNI is ON
04-29 09:01:44.731  2198  2198 D dalvikvm: Trying to load lib libjavacore.so 0x0
04-29 09:01:44.741  2198  2198 D dalvikvm: Added shared lib libjavacore.so 0x0
04-29 09:01:44.771  2198  2198 D dalvikvm: Trying to load lib libnativehelper.so 0x0
04-29 09:01:44.771  2198  2198 D dalvikvm: Added shared lib libnativehelper.so 0x0
04-29 09:01:44.861  2198  2198 E cutils-trace: Error opening trace file: No such file or directory (2)
04-29 09:01:45.360  2198  2198 D AndroidRuntime: Calling main entry com.android.commands.am.Am
04-29 09:01:45.371  2198  2198 D dalvikvm: Note: class Landroid/app/ActivityManagerNative; has 163 unimplemented (abstract) methods
04-29 09:01:45.411   279   479 I ActivityManager: START u0 {dat=http://mochi.test:8888/tests?autorun=1&closeWhenDone=1&logFile=/storage/sdcard/tests/logs/mochitest.log&fileLevel=INFO&consoleLevel=INFO&hideResultsTable=1&manifestFile=tests.json&dumpOutputDirectory=/storage/sdcard/tests flg=0x10000000 cmp=org.mozilla.fennec/org.mozilla.gecko.BrowserApp (has extras)} from pid 2198
04-29 09:01:45.550   279   479 D dalvikvm: GC_FOR_ALLOC freed 90K, 39% free 4755K/7684K, paused 58ms, total 60ms
04-29 09:01:45.550   279   479 I dalvikvm-heap: Grow heap (frag case) to 5.080MB for 380496-byte allocation
04-29 09:01:45.611   279   295 D dalvikvm: GC_FOR_ALLOC freed <1K, 37% free 5125K/8056K, paused 59ms, total 59ms
04-29 09:01:45.681   279   479 D dalvikvm: GC_FOR_ALLOC freed 1K, 37% free 5125K/8056K, paused 55ms, total 56ms
04-29 09:01:45.681   279   479 I dalvikvm-heap: Grow heap (frag case) to 5.441MB for 380496-byte allocation
04-29 09:01:45.741   279   295 D dalvikvm: GC_FOR_ALLOC freed <1K, 35% free 5496K/8428K, paused 58ms, total 58ms
04-29 09:01:45.751   279   479 I WindowManager: Screenshot Window{418addf0 u0 com.android.launcher/com.android.launcher2.Launcher} was all black! mSurfaceLayer=21005 minLayer=21005 maxLayer=21005
04-29 09:01:45.821   279   479 D dalvikvm: GC_FOR_ALLOC freed 372K, 40% free 5125K/8428K, paused 58ms, total 59ms
04-29 09:01:45.901   279   291 I ActivityManager: Start proc org.mozilla.fennec for activity org.mozilla.fennec/org.mozilla.gecko.BrowserApp: pid=2208 uid=10043 gids={50043, 3003, 1028, 1015, 1006}
04-29 09:01:46.281  2208  2208 I GeckoApplication: zerdatime 213698 - Fennec application start
04-29 09:01:46.331  2208  2221 I GeckoPushState: No storage found; starting fresh.
04-29 09:01:46.331  2208  2221 D GeckoPushService: Registered Gecko event listener.
04-29 09:01:46.340  2208  2221 I GeckoPushService: Starting up.
04-29 09:01:46.340  2208  2221 I GeckoPushManager: Startup: requesting GCM token.
04-29 09:01:46.391  2208  2221 I dalvikvm: Could not find method android.app.AppOpsManager.checkPackage, referenced from method com.google.android.gms.common.GooglePlayServicesUtil.zzb$3f52113e
04-29 09:01:46.411  2208  2221 W dalvikvm: VFY: unable to resolve virtual method 134: Landroid/app/AppOpsManager;.checkPackage (ILjava/lang/String;)V
04-29 09:01:46.411  2208  2221 D dalvikvm: VFY: replacing opcode 0x6e at 0x0013
04-29 09:01:46.411  2208  2221 I dalvikvm: Could not find method android.content.pm.PackageManager.getPackageInstaller, referenced from method com.google.android.gms.common.GooglePlayServicesUtil.zzj
04-29 09:01:46.411  2208  2221 W dalvikvm: VFY: unable to resolve virtual method 559: Landroid/content/pm/PackageManager;.getPackageInstaller ()Landroid/content/pm/PackageInstaller;
04-29 09:01:46.411  2208  2221 D dalvikvm: VFY: replacing opcode 0x6e at 0x000e
04-29 09:01:46.440  2208  2208 I dalvikvm: Could not find method android.app.Activity.finishAfterTransition, referenced from method android.support.v4.app.FragmentActivity.onBackPressed
04-29 09:01:46.440  2208  2208 W dalvikvm: VFY: unable to resolve virtual method 63: Landroid/app/Activity;.finishAfterTransition ()V
04-29 09:01:46.440  2208  2208 D dalvikvm: VFY: replacing opcode 0x6e at 0x0012
04-29 09:01:46.480  2208  2221 W GooglePlayServicesUtil: Google Play services is missing.
04-29 09:01:46.490  2208  2221 W GeckoPushGCM: This device does not support GCM! isGooglePlayServicesAvailable returned: 1
04-29 09:01:46.490  2208  2221 W GeckoPushGCM: isGooglePlayServicesAvailable message: SERVICE_MISSING
04-29 09:01:46.490  2208  2221 W GeckoPushManager: Startup: needs Google Play Services.  Ignoring until GCM is requested in response to user activity.
04-29 09:01:46.550  2208  2221 D GeckoSharedPrefs: Current version = 0, prefs version = 2
04-29 09:01:46.550  2208  2221 D GeckoSharedPrefs: Performing migration
04-29 09:01:46.570  2208  2221 D GeckoSharedPrefs: Migrating to version = 1
04-29 09:01:46.570  2208  2221 D GeckoSharedPrefs: Migrating from PreferenceManager
04-29 09:01:46.570  2208  2221 D GeckoSharedPrefs: Migrating to version = 2
04-29 09:01:46.570  2208  2221 D GeckoSharedPrefs: Migrating crash reporter settings
04-29 09:01:46.601  2208  2221 D GeckoSharedPrefs: All keys have been migrated
04-29 09:01:46.691  2208  2208 I dalvikvm: Could not find method android.app.AlarmManager.setExact, referenced from method org.mozilla.gecko.GeckoAppShell.setAlarm
04-29 09:01:46.701  2208  2208 W dalvikvm: VFY: unable to resolve virtual method 99: Landroid/app/AlarmManager;.setExact (IJLandroid/app/PendingIntent;)V
04-29 09:01:46.711  2208  2208 D dalvikvm: VFY: replacing opcode 0x6e at 0x0026
04-29 09:01:46.731  2208  2210 D dalvikvm: GC_CONCURRENT freed 274K, 12% free 2705K/3052K, paused 35ms+21ms, total 120ms
04-29 09:01:46.731  2208  2208 D GeckoApp: Enabling Android StrictMode
04-29 09:01:46.741  2208  2208 D dalvikvm: DexOpt: couldn't find static field Landroid/os/Build;.SUPPORTED_ABIS
04-29 09:01:46.741  2208  2208 W dalvikvm: VFY: unable to resolve static field 149 (SUPPORTED_ABIS) in Landroid/os/Build;
04-29 09:01:46.751  2208  2208 D dalvikvm: VFY: replacing opcode 0x62 at 0x0041
04-29 09:01:46.811  2208  2208 D dalvikvm: Trying to load lib /data/app-lib/org.mozilla.fennec-1/libmozglue.so 0x417471d8
04-29 09:01:46.832  2208  2208 D dalvikvm: Added shared lib /data/app-lib/org.mozilla.fennec-1/libmozglue.so 0x417471d8
04-29 09:01:46.832  2208  2208 D dalvikvm: No JNI_OnLoad found in /data/app-lib/org.mozilla.fennec-1/libmozglue.so 0x417471d8, skipping init
04-29 09:01:46.881  2208  2208 W dalvikvm: VFY: unable to find class referenced in signature (Landroid/view/SearchEvent;)
04-29 09:01:46.881  2208  2208 I dalvikvm: Could not find method android.view.Window$Callback.onSearchRequested, referenced from method android.support.v7.internal.view.WindowCallbackWrapper.onSearchRequested
04-29 09:01:46.881  2208  2208 W dalvikvm: VFY: unable to resolve interface method 12967: Landroid/view/Window$Callback;.onSearchRequested (Landroid/view/SearchEvent;)Z
04-29 09:01:46.881  2208  2208 D dalvikvm: VFY: replacing opcode 0x72 at 0x0002
04-29 09:01:46.891  2208  2208 I dalvikvm: Could not find method android.view.Window$Callback.onWindowStartingActionMode, referenced from method android.support.v7.internal.view.WindowCallbackWrapper.onWindowStartingActionMode
04-29 09:01:46.891  2208  2227 D GeckoLoader: Gecko environment env0: MOZ_CRASHREPORTER=1
04-29 09:01:46.891  2208  2227 D GeckoLoader: env1: XPCOM_DEBUG_BREAK=stack
04-29 09:01:46.891  2208  2227 D GeckoLoader: env2: R_LOG_VERBOSE=1
04-29 09:01:46.901  2208  2227 D GeckoLoader: env3: MOZ_DISABLE_SWITCHBOARD=1
04-29 09:01:46.901  2208  2227 D GeckoLoader: env4: MOZ_DISABLE_NONLOCAL_CONNECTIONS=1
04-29 09:01:46.901  2208  2208 W dalvikvm: VFY: unable to resolve interface method 12971: Landroid/view/Window$Callback;.onWindowStartingActionMode (Landroid/view/ActionMode$Callback;I)Landroid/view/ActionMode;
04-29 09:01:46.901  2208  2208 D dalvikvm: VFY: replacing opcode 0x72 at 0x0002
04-29 09:01:46.912  2208  2227 D GeckoLoader: env5: MOZ_LOG_FILE=/storage/sdcard/tests/mozlog/moz.log
04-29 09:01:46.912  2208  2227 D GeckoLoader: env6: DISABLE_UNSAFE_CPOW_WARNINGS=1
04-29 09:01:46.912  2208  2227 D GeckoLoader: env7: R_LOG_DESTINATION=stderr
04-29 09:01:46.912  2208  2227 D GeckoLoader: env8: MOZ_CRASHREPORTER_NO_REPORT=1
04-29 09:01:46.912  2208  2227 D GeckoLoader: env9: NO_EM_RESTART=1
04-29 09:01:46.912  2208  2227 D GeckoLoader: env10: MOZ_PROCESS_LOG=/tmp/tmp8v03ujpidlog
04-29 09:01:46.912  2208  2227 D GeckoLoader: env11: R_LOG_LEVEL=6
04-29 09:01:46.912  2208  2227 D GeckoLoader: env12: MOZ_HIDE_RESULTS_TABLE=1
04-29 09:01:46.921  2208  2227 D GeckoLoader: env13: null
04-29 09:01:46.961  2208  2227 E GeckoLibLoad: Load sqlite start
04-29 09:01:47.031  2208  2208 D GeckoScreenOrientation: updating to new orientation PORTRAIT_PRIMARY
04-29 09:01:47.212  2208  2210 D dalvikvm: GC_CONCURRENT freed 236K, 10% free 2942K/3252K, paused 6ms+2ms, total 59ms
04-29 09:01:47.212  2208  2208 D dalvikvm: WAIT_FOR_CONCURRENT_GC blocked 35ms
04-29 09:01:47.221  2208  2208 I dalvikvm-heap: Grow heap (frag case) to 4.017MB for 1127536-byte allocation
04-29 09:01:47.251  2208  2227 W GeckoLinker: /data/app/org.mozilla.fennec-1.apk!/assets/armeabi-v7a/libnss3.so: unhandled flags #8 not handled
04-29 09:01:47.281  2208  2217 D dalvikvm: GC_FOR_ALLOC freed <1K, 8% free 4043K/4356K, paused 51ms, total 51ms
04-29 09:01:47.281  2208  2227 W GeckoLinker: /data/app/org.mozilla.fennec-1.apk!/assets/armeabi-v7a/libnss3.so: Relocation to NULL @0x00151c74
04-29 09:01:47.291  2208  2227 W GeckoLinker: /data/app/org.mozilla.fennec-1.apk!/assets/armeabi-v7a/libnss3.so: Relocation to NULL @0x00151fdc for symbol "__cxa_begin_cleanup"
04-29 09:01:47.291  2208  2227 W GeckoLinker: /data/app/org.mozilla.fennec-1.apk!/assets/armeabi-v7a/libnss3.so: Relocation to NULL @0x00151fe0 for symbol "__cxa_type_match"
04-29 09:01:47.311  2208  2227 E GeckoLibLoad: Load sqlite done
04-29 09:01:47.311  2208  2227 E GeckoLibLoad: Load nss start
04-29 09:01:47.311  2208  2227 E GeckoLibLoad: Load nss done
04-29 09:01:47.621  2208  2208 I dalvikvm: Could not find method android.content.Context.getColor, referenced from method android.support.v4.content.ContextCompat.getColor
04-29 09:01:47.621  2208  2208 W dalvikvm: VFY: unable to resolve virtual method 392: Landroid/content/Context;.getColor (I)I
04-29 09:01:47.621  2208  2208 D dalvikvm: VFY: replacing opcode 0x6e at 0x0006
04-29 09:01:47.621  2208  2208 I dalvikvm: Could not find method android.content.Context.getDrawable, referenced from method android.support.v4.content.ContextCompat.getDrawable
04-29 09:01:47.621  2208  2208 W dalvikvm: VFY: unable to resolve virtual method 396: Landroid/content/Context;.getDrawable (I)Landroid/graphics/drawable/Drawable;
04-29 09:01:47.621  2208  2208 D dalvikvm: VFY: replacing opcode 0x6e at 0x0006
04-29 09:01:47.791  2208  2210 D dalvikvm: GC_CONCURRENT freed 58K, 3% free 4390K/4524K, paused 4ms+18ms, total 74ms
04-29 09:01:48.251  2208  2221 D GeckoSessInfo: Building SessionInformation from prefs: 0, 0, true, false
04-29 09:01:48.251  2208  2221 D GeckoApp: OS locale is en_US, app locale is null
04-29 09:01:48.261  2208  2208 D GeckoExperiments: Switchboard disabled by MOZ_DISABLE_SWITCHBOARD environment variable
04-29 09:01:48.381  2208  2208 V NFC     : this device does not have NFC support
04-29 09:01:48.381  2208  2208 D GeckoSysInfo: System memory: 821MB.
04-29 09:01:48.401  2208  2210 D dalvikvm: GC_CONCURRENT freed 185K, 6% free 4823K/5084K, paused 4ms+35ms, total 112ms
04-29 09:01:48.410  2208  2208 I dalvikvm: Could not find method android.app.Activity.requestPermissions, referenced from method org.mozilla.gecko.permissions.Permissions.showPrompt
04-29 09:01:48.410  2208  2208 W dalvikvm: VFY: unable to resolve virtual method 84: Landroid/app/Activity;.requestPermissions ([Ljava/lang/String;I)V
04-29 09:01:48.410  2208  2208 D dalvikvm: VFY: replacing opcode 0x6e at 0x0039
04-29 09:01:48.450  2208  2208 V GeckoPromoteShortcut: Experiment not enabled
04-29 09:01:48.701  2208  2208 D GeckoBrowserApp: onLocaleReady: en_US
04-29 09:01:48.711  2208  2232 D DLCStudyAction: Studying catalog..
04-29 09:01:48.711  2208  2232 V GeckoDLCCatalog: Waiting for catalog to be loaded
04-29 09:01:48.711  2208  2233 D GeckoDLCCatalog: Loading from disk
04-29 09:01:48.711  2208  2233 D GeckoDLCCatalog: Catalog file does not exist: Bootstrapping initial catalog
04-29 09:01:48.771  2208  2233 D GeckoDLCCatalog: Loaded 12 elements
04-29 09:01:48.771  2208  2232 D DLCStudyAction: Scheduled download: [asset-archive,font] a173d1db-373b-ce42-1335-6b3285cfdebd (156124 bytes) 7bce66864e38eecd7c94b6657b9b38c35ebfacf8046bfb1247e08f07fe933198
04-29 09:01:48.771  2208  2232 D DLCStudyAction: Scheduled download: [asset-archive,font] 25610abb-5dc8-fd75-40e7-990507f010c4 (145976 bytes) e4885f6188e7a8587f5621c077c6c1f5e8d3739dffc8f4d055c2ba87568c750a
04-29 09:01:48.771  2208  2232 D DLCStudyAction: Scheduled download: [asset-archive,font] c906275c-3747-fe27-426f-6187526a6f06 (1727656 bytes) 4ed509317f1bb441b185ea13bf1c9d19d1a0b396962efa3b5dc3190ad88f2067
04-29 09:01:48.781  2208  2232 D DLCStudyAction: Scheduled download: [asset-archive,font] e65c66df-0088-940d-ca5c-207c22118c0e (155672 bytes) 87c13c5fbae832e4f85c3bd46fcbc175978234f39be5fe51c4937be4cbff3b68
04-29 09:01:48.781  2208  2232 D DLCStudyAction: Scheduled download: [asset-archive,font] 8460dc6d-d129-fd1a-24b6-343dbf6531dd (1693988 bytes) ab3ed6f2a4d4c2095b78227bd33155d7ccd05a879c107a291912640d4d64f767
04-29 09:01:48.781  2208  2232 D DLCStudyAction: Scheduled download: [asset-archive,font] b887012a-01e1-7c94-fdcb-ca44d5b974a2 (142572 bytes) 9b91bbdb95ffa6663da24fdaa8ee06060cd0a4d2dceaf1ffbdda00e04915ee5b
04-29 09:01:48.781  2208  2232 D DLCStudyAction: Scheduled download: [asset-archive,font] ff5deecc-6ecc-d816-bb51-65face460119 (140136 bytes) 385d0a293c1714770e198f7c762ab32f7905a0ed9d2993f69d640bd7232b4b70
04-29 09:01:48.791  2208  2232 D DLCStudyAction: Scheduled download: [asset-archive,font] ffe40339-a096-2262-c3f8-54af75c81fe6 (148892 bytes) 5d0e0115f3a3ed4be3eda6d7eabb899bb9a361292802e763d53c72e00f629da1
04-29 09:01:48.791  2208  2232 D DLCStudyAction: Scheduled download: [asset-archive,font] 139a94be-ac69-0264-c9cc-8f2d071fd29d (155228 bytes) 937dda88b26469306258527d38e42c95e27e7ebb9f05bd1d7c5d706a3c9541d7
04-29 09:01:48.791  2208  2232 D DLCStudyAction: Scheduled download: [asset-archive,font] c40929cf-7f4c-fa72-3dc9-12cadf56905d (1676072 bytes) 699d958b492eda0cc2823535f8567d0393090e3842f6df3c36dbe7239cb80b6d
04-29 09:01:48.791  2208  2232 D DLCStudyAction: Scheduled download: [asset-archive,font] c8703652-d317-0356-0bf8-95441a5b2c9b (147004 bytes) 07b0db85a3ad99afeb803f0f35631436a7b4c67ac66d0c7f77d26a47357c592a
04-29 09:01:48.821  2208  2232 D DLCStudyAction: Scheduled download: [asset-archive,font] 6d265876-85ed-0917-fdc8-baf583ca2cba (1667812 bytes) 82465e747b4f41471dbfd942842b2ee810749217d44b55dbc43623b89f9c7d9b
04-29 09:01:48.821  2208  2232 V DLCStudyAction: Done
04-29 09:01:48.841  2208  2234 D GeckoDLCCatalog: Writing to disk
04-29 09:01:49.291  2208  2221 D GeckoSessInfo: Recording start of session: 1461945708488
04-29 09:01:49.401  2208  2221 W ActivityThread: ClassLoader.loadClass: The class loader returned by Thread.getContextClassLoader() may fail for processes that host multiple applications. You should explicitly specify a context class loader. For example: Thread.setContextClassLoader(getClass().getClassLoader());
04-29 09:01:49.411  2208  2208 D libEGL  : loaded /system/lib/egl/libEGL_emulation.so
04-29 09:01:49.440  2208  2208 D         : HostConnection::get() New Host Connection established 0x2a23b998, tid 2208
04-29 09:01:49.450  2208  2208 D libEGL  : loaded /system/lib/egl/libGLESv1_CM_emulation.so
04-29 09:01:49.450  2208  2210 D dalvikvm: GC_CONCURRENT freed 400K, 8% free 5221K/5656K, paused 4ms+51ms, total 263ms
04-29 09:01:49.480  2208  2208 D libEGL  : loaded /system/lib/egl/libGLESv2_emulation.so
04-29 09:01:49.560  2208  2208 W EGL_emulation: eglSurfaceAttrib not implemented
04-29 09:01:49.581  2208  2208 D OpenGLRenderer: Enabling debug mode 0
04-29 09:01:49.691  2208  2208 E GeckoApp: An error occurred during restore
04-29 09:01:49.691  2208  2208 E GeckoApp: org.mozilla.gecko.GeckoApp$SessionRestoreException: Could not read from session file
04-29 09:01:49.691  2208  2208 E GeckoApp: 	at org.mozilla.gecko.GeckoApp.restoreSessionTabs(GeckoApp.java:1624)
04-29 09:01:49.691  2208  2208 E GeckoApp: 	at org.mozilla.gecko.GeckoApp.onGlobalLayout(GeckoApp.java:1589)
04-29 09:01:49.691  2208  2208 E GeckoApp: 	at android.view.ViewTreeObserver.dispatchOnGlobalLayout(ViewTreeObserver.java:808)
04-29 09:01:49.691  2208  2208 E GeckoApp: 	at android.view.ViewRootImpl.performTraversals(ViewRootImpl.java:1768)
04-29 09:01:49.691  2208  2208 E GeckoApp: 	at android.view.ViewRootImpl.doTraversal(ViewRootImpl.java:1004)
04-29 09:01:49.691  2208  2208 E GeckoApp: 	at android.view.ViewRootImpl$TraversalRunnable.run(ViewRootImpl.java:5481)
04-29 09:01:49.691  2208  2208 E GeckoApp: 	at android.view.Choreographer$CallbackRecord.run(Choreographer.java:749)
04-29 09:01:49.691  2208  2208 E GeckoApp: 	at android.view.Choreographer.doCallbacks(Choreographer.java:562)
04-29 09:01:49.691  2208  2208 E GeckoApp: 	at android.view.Choreographer.doFrame(Choreographer.java:532)
04-29 09:01:49.691  2208  2208 E GeckoApp: 	at android.view.Choreographer$FrameDisplayEventReceiver.run(Choreographer.java:735)
04-29 09:01:49.691  2208  2208 E GeckoApp: 	at android.os.Handler.handleCallback(Handler.java:730)
04-29 09:01:49.691  2208  2208 E GeckoApp: 	at android.os.Handler.dispatchMessage(Handler.java:92)
04-29 09:01:49.691  2208  2208 E GeckoApp: 	at android.os.Looper.loop(Looper.java:137)
04-29 09:01:49.691  2208  2208 E GeckoApp: 	at android.app.ActivityThread.main(ActivityThread.java:5103)
04-29 09:01:49.691  2208  2208 E GeckoApp: 	at java.lang.reflect.Method.invokeNative(Native Method)
04-29 09:01:49.691  2208  2208 E GeckoApp: 	at java.lang.reflect.Method.invoke(Method.java:525)
04-29 09:01:49.691  2208  2208 E GeckoApp: 	at com.android.internal.os.ZygoteInit$MethodAndArgsCaller.run(ZygoteInit.java:737)
04-29 09:01:49.691  2208  2208 E GeckoApp: 	at com.android.internal.os.ZygoteInit.main(ZygoteInit.java:553)
04-29 09:01:49.691  2208  2208 E GeckoApp: 	at dalvik.system.NativeStart.main(Native Method)
04-29 09:01:49.761  2208  2232 D DLCDownloadAction: Downloading content..
04-29 09:01:49.771  2208  2232 D DLCDownloadAction: Network is metered. Postponing download.
04-29 09:01:49.791  2208  2208 I Choreographer: Skipped 57 frames!  The application may be doing too much work on its main thread.
04-29 09:01:49.803  2208  2235 V GeckoDLCCatalog: Not persisting: Catalog has not changed
04-29 09:01:51.021   279   295 I ActivityManager: Displayed org.mozilla.fennec/org.mozilla.gecko.BrowserApp: +5s158ms
04-29 09:01:51.032  2198  2198 D AndroidRuntime: Shutting down VM
04-29 09:01:51.051  2198  2202 D dalvikvm: GC_CONCURRENT freed 102K, 17% free 516K/620K, paused 0ms+1ms, total 11ms
04-29 09:01:51.171   406   406 W IInputConnectionWrapper: showStatusIcon on inactive InputConnection
04-29 09:01:51.241  2208  2208 D GeckoToolbar: onTabChanged: RESTORED
04-29 09:01:52.751  2208  2221 D GeckoSearchEngineManager: Found region-specific default engine name in browsersearch.json.
04-29 09:01:53.561  2208  2227 W GeckoLinker: /data/app/org.mozilla.fennec-1.apk!/assets/armeabi-v7a/libxul.so: unhandled flags #8 not handled
04-29 09:01:53.570  2208  2227 W GeckoLinker: /data/app/org.mozilla.fennec-1.apk!/assets/armeabi-v7a/liblgpllibs.so: unhandled flags #8 not handled
04-29 09:01:53.570  2208  2227 W GeckoLinker: /data/app/org.mozilla.fennec-1.apk!/assets/armeabi-v7a/liblgpllibs.so: Relocation to NULL @0x00006f74
04-29 09:01:53.570  2208  2227 W GeckoLinker: /data/app/org.mozilla.fennec-1.apk!/assets/armeabi-v7a/liblgpllibs.so: Relocation to NULL @0x00006fdc for symbol "__cxa_begin_cleanup"
04-29 09:01:53.570  2208  2227 W GeckoLinker: /data/app/org.mozilla.fennec-1.apk!/assets/armeabi-v7a/liblgpllibs.so: Relocation to NULL @0x00006fe0 for symbol "__cxa_type_match"
04-29 09:01:53.691  2208  2227 E GeckoLibLoad: Loaded libs in 6374.801820ms total, 2210ms(4330ms) user, 870ms(1460ms) system, 0(1) faults
04-29 09:01:53.691  2208  2227 W GeckoThread: zerdatime 221108 - runGecko
04-29 09:01:53.811  2208  2227 I GeckoConsole: Could not read chrome manifest 'file:///data/data/org.mozilla.fennec/chrome.manifest'.
04-29 09:01:53.901  2208  2221 D GeckoJarReader: No Entry for chrome/en-US/locale/en-US/browser/searchplugins/google:hidden.xml
04-29 09:01:53.901  2208  2221 D GeckoJarReader: No Entry for chrome/en/locale/en/browser/searchplugins/google:hidden.xml
04-29 09:01:53.941  2208  2221 D GeckoJarReader: No Entry for chrome/en-US/locale/en-US/browser/searchplugins/google:hidden.xml
04-29 09:01:54.042  2208  2227 I Gecko:DumpUtils: Fifo watcher disabled via pref.
04-29 09:01:54.161  2208  2210 D dalvikvm: GC_CONCURRENT freed 991K, 18% free 5095K/6156K, paused 5ms+25ms, total 159ms
04-29 09:01:54.211  2208  2208 D GeckoToolbar: onTabChanged: ADDED
04-29 09:01:54.221  2208  2208 D GeckoBrowserApp: BrowserApp.onTabChanged: 0: ADDED
04-29 09:01:54.271  2208  2208 D GeckoToolbar: onTabChanged: SELECTED
04-29 09:01:54.331  2208  2208 I GeckoToolbarDisplayLayout: zerdatime 221744 - Throbber start
04-29 09:01:54.430  2208  2208 D GeckoBrowserApp: BrowserApp.onTabChanged: 0: SELECTED
04-29 09:01:54.490  2208  2246 D GeckoTelemetryUploadSer: Service started
04-29 09:01:54.490  2208  2246 D GeckoProfile: Could not get client ID - attempting to migrate ID from FHR: Could not access given file to retrieve JSONObject
04-29 09:01:54.501  2208  2246 D GeckoProfile: Could not migrate client ID from FHR  creating a new one: Could not access given file to retrieve JSONObject
04-29 09:01:54.510  2208  2246 D GeckoProfile: Attempting to write new client ID
04-29 09:01:54.540  2208  2246 D GeckoProfile: Unable to retrieve profile creation date from times.json. Getting from system...
04-29 09:01:54.580  2208  2246 D GeckoProfile: Attempting to write new profile creation date
04-29 09:01:55.490  2208  2210 D dalvikvm: GC_CONCURRENT freed 522K, 12% free 5440K/6156K, paused 22ms+65ms, total 178ms
04-29 09:01:55.490  2208  2221 D dalvikvm: WAIT_FOR_CONCURRENT_GC blocked 25ms
04-29 09:01:55.510  2208  2246 D dalvikvm: WAIT_FOR_CONCURRENT_GC blocked 46ms
04-29 09:01:55.621  2208  2221 E SQLiteLog: (1) no such table: bookmarks
04-29 09:01:55.671  2208  2208 D GeckoToolbar: onTabChanged: MENU_UPDATED
04-29 09:01:55.671  2208  2208 D GeckoBrowserApp: BrowserApp.onTabChanged: 0: MENU_UPDATED
04-29 09:01:56.471  2208  2246 D GeckoTelemetryUploadSer: Telemetry upload success.
04-29 09:01:58.651  2208  2227 W GeckoLinker: /data/app/org.mozilla.fennec-1.apk!/assets/armeabi-v7a/libsoftokn3.so: unhandled flags #8 not handled
04-29 09:01:58.651  2208  2227 W GeckoLinker: /data/app/org.mozilla.fennec-1.apk!/assets/armeabi-v7a/libsoftokn3.so: Relocation to NULL @0x00020dbc
04-29 09:01:58.651  2208  2227 W GeckoLinker: /data/app/org.mozilla.fennec-1.apk!/assets/armeabi-v7a/libsoftokn3.so: Relocation to NULL @0x00020fe0 for symbol "__cxa_begin_cleanup"
04-29 09:01:58.651  2208  2227 W GeckoLinker: /data/app/org.mozilla.fennec-1.apk!/assets/armeabi-v7a/libsoftokn3.so: Relocation to NULL @0x00020fe4 for symbol "__cxa_type_match"
04-29 09:01:58.691  2208  2227 W GeckoLinker: /data/app/org.mozilla.fennec-1.apk!/assets/armeabi-v7a/libfreebl3.so: unhandled flags #8 not handled
04-29 09:01:58.691  2208  2227 W GeckoLinker: /data/app/org.mozilla.fennec-1.apk!/assets/armeabi-v7a/libfreebl3.so: Relocation to NULL @0x00039e78
04-29 09:01:58.691  2208  2227 W GeckoLinker: /data/app/org.mozilla.fennec-1.apk!/assets/armeabi-v7a/libfreebl3.so: Relocation to NULL @0x00039fe0 for symbol "__cxa_begin_cleanup"
04-29 09:01:58.691  2208  2227 W GeckoLinker: /data/app/org.mozilla.fennec-1.apk!/assets/armeabi-v7a/libfreebl3.so: Relocation to NULL @0x00039fe4 for symbol "__cxa_type_match"
04-29 09:01:58.941  2208  2227 W GeckoLinker: /data/app/org.mozilla.fennec-1.apk!/assets/armeabi-v7a/libnssckbi.so: unhandled flags #8 not handled
04-29 09:01:58.952  2208  2227 W GeckoLinker: /data/app/org.mozilla.fennec-1.apk!/assets/armeabi-v7a/libnssckbi.so: Relocation to NULL @0x00061f48
04-29 09:01:58.952  2208  2227 W GeckoLinker: /data/app/org.mozilla.fennec-1.apk!/assets/armeabi-v7a/libnssckbi.so: Relocation to NULL @0x00061fe0 for symbol "__cxa_begin_cleanup"
04-29 09:01:58.952  2208  2227 W GeckoLinker: /data/app/org.mozilla.fennec-1.apk!/assets/armeabi-v7a/libnssckbi.so: Relocation to NULL @0x00061fe4 for symbol "__cxa_type_match"
04-29 09:02:00.221   279   282 D dalvikvm: GC_CONCURRENT freed 128K, 35% free 5533K/8428K, paused 4ms+6ms, total 220ms
04-29 09:02:05.231  2208  2227 D dalvikvm: GREF has increased to 201
04-29 09:02:05.961  2208  2227 W ResourceType: Too many attribute references, stopped at: 0x01010099
04-29 09:02:06.560  2208  2227 I dalvikvm: Could not find method android.media.AudioManager.dispatchMediaKeyEvent, referenced from method org.mozilla.gecko.GeckoInputConnection.performDefaultKeyAction
04-29 09:02:06.560  2208  2227 W dalvikvm: VFY: unable to resolve virtual method 1117: Landroid/media/AudioManager;.dispatchMediaKeyEvent (Landroid/view/KeyEvent;)V
04-29 09:02:06.560  2208  2227 D dalvikvm: VFY: replacing opcode 0x6e at 0x001a
04-29 09:02:06.721  2208  2227 I Gecko   : -*- nsDNSServiceDiscovery.js : nsDNSServiceDiscovery
04-29 09:02:06.801  2208  2227 I Gecko   : -*- nsDNSServiceDiscovery.js : startDiscovery
04-29 09:02:07.500  2208  2227 I Gecko   : Attempting load of libEGL.so
04-29 09:02:07.500  2208  2227 D         : HostConnection::get() New Host Connection established 0x2a3419f8, tid 2227
04-29 09:02:08.121  2208  2208 V GeckoDynamicToolbarAnimator: Requested immediate toolbar animation to translation 0.0
04-29 09:02:08.121  2208  2208 V GeckoDynamicToolbarAnimator: Changing animation to immediate jump
04-29 09:02:08.121  2208  2227 W GeckoScreenOrientation: screenOrientationFromString: unknown orientation string: 
04-29 09:02:08.761  2208  2227 D GeckoLayerClient: Screen-size changed to (800,1280)
04-29 09:02:08.771  2208  2227 D GeckoLayerClient: Window-size changed to (800,1134)
04-29 09:02:09.041  2208  2283 D         : HostConnection::get() New Host Connection established 0x2a362a38, tid 2283
04-29 09:02:09.071  2208  2283 I GeckoConsole: OpenGL compositor Initialized Succesfully.
04-29 09:02:09.071  2208  2283 I GeckoConsole: Version: OpenGL ES 2.0 (2.1 Mesa 9.2.1)
04-29 09:02:09.071  2208  2283 I GeckoConsole: Vendor: Google (VMware, Inc.)
04-29 09:02:09.071  2208  2283 I GeckoConsole: Renderer: Android Emulator OpenGL ES Translator (Gallium 0.4 on llvmpipe (LLVM 3.3, 128 bits))
04-29 09:02:09.071  2208  2283 I GeckoConsole: FBO Texture Target: TEXTURE_2D
04-29 09:02:09.111  2208  2227 I GeckoDisplayPort: Set strategy VelocityBiasStrategy mult=2.0, threshold=10.240001, reverse=0.2, dangerBaseX=1.0, dangerBaseY=1.0, dangerIncrX=0.0, dangerIncrY=0.0
04-29 09:02:09.151  2208  2227 D GeckoWebapps: Saving /storage/sdcard/tests/webapps/webapps.json
04-29 09:02:09.560  2208  2227 D GeckoWebapps: Success saving /storage/sdcard/tests/webapps/webapps.json
04-29 09:02:09.611  2208  2227 D GeckoWebapps: Saving /storage/sdcard/tests/webapps/webapps.json
04-29 09:02:10.781  2208  2227 D GeckoWebapps: Success saving /storage/sdcard/tests/webapps/webapps.json
04-29 09:02:11.191  2208  2281 I GeckoConsole: PAC file installed from data: URI
04-29 09:02:11.712  2208  2227 D GeckoBrowser: zerdatime 1461945731707 - browser chrome startup finished.
04-29 09:02:12.450  2208  2227 I GeckoConsole: browser.js: loading Firefox Accounts WebChannel
04-29 09:02:12.571  2208  2227 D GeckoFxAccounts: FxAccountsWebChannel registered: account_updates with origin https://10.0.2.2:8854
04-29 09:02:12.671  2208  2227 D Telemetry: SendUIEvent: event = policynotification.success.1:true method = null timestamp = 240085 extras = null
04-29 09:02:12.741  2208  2227 I GeckoConsole: Locale:OS: en-US
04-29 09:02:12.751  2208  2227 I GeckoConsole: New OS locale.
04-29 09:02:12.831  2208  2227 I GeckoConsole: Default intl.accept_languages = en-US, en
04-29 09:02:12.852  2208  2227 I GeckoConsole: Setting intl.accept_languages to en-us,en
04-29 09:02:14.891  2208  2221 I GeckoPushService: Handling event: PushServiceAndroidGCM:Configure
04-29 09:02:14.891  2208  2221 I GeckoPushManager: Updating configuration.
04-29 09:02:14.901  2208  2221 I GeckoPushManager: Push configuration set!
04-29 09:02:16.071  2208  2227 D GeckoTabs: handleMessage: Tab:Added
04-29 09:02:16.211  2208  2227 D GeckoTabs: handleMessage: Content:StateChange
04-29 09:02:16.211  2208  2208 D GeckoToolbar: onTabChanged: START
04-29 09:02:16.211  2208  2208 D GeckoBrowserApp: BrowserApp.onTabChanged: 0: START
04-29 09:02:16.211  2208  2208 V GeckoDynamicToolbarAnimator: Requested toolbar animation to translation 0.0
04-29 09:02:16.221  2208  2208 V GeckoDynamicToolbarAnimator: Changing animation to immediate jump
04-29 09:02:16.231  2208  2227 D GeckoScreenOrientation: unlocking
04-29 09:02:16.711  2208  2221 I GeckoPushService: Handling event: PushServiceAndroidGCM:Initialized
04-29 09:02:17.440  2208  2208 W GeckoNetworkManager: Already started!
04-29 09:02:18.041  2208  2227 D GeckoTabs: handleMessage: Content:LocationChange
04-29 09:02:18.051  2208  2208 D GeckoToolbar: onTabChanged: LOCATION_CHANGE
04-29 09:02:18.051  2208  2208 D GeckoBrowserApp: BrowserApp.onTabChanged: 0: LOCATION_CHANGE
04-29 09:02:18.111  2208  2227 D GeckoTabs: handleMessage: Content:SecurityChange
04-29 09:02:18.121  2208  2208 D GeckoToolbar: onTabChanged: SECURITY_CHANGE
04-29 09:02:18.131  2208  2208 D GeckoBrowserApp: BrowserApp.onTabChanged: 0: SECURITY_CHANGE
04-29 09:02:19.071  2208  2227 D GeckoTabs: handleMessage: DOMTitleChanged
04-29 09:02:19.141  2208  2208 D GeckoToolbar: onTabChanged: TITLE
04-29 09:02:19.161  2208  2208 D GeckoBrowserApp: BrowserApp.onTabChanged: 0: TITLE
04-29 09:02:19.781   279   479 I ActivityManager: Start proc org.mozilla.f3nn3c.UpdateService for service org.mozilla.fennec/org.mozilla.gecko.updater.UpdateService: pid=2299 uid=10043 gids={50043, 3003, 1028, 1015, 1006}
04-29 09:02:20.211  2299  2299 I GeckoApplication: zerdatime 247625 - Fennec application start
04-29 09:02:20.331  2299  2312 D GeckoPushService: Registered Gecko event listener.
04-29 09:02:20.380  2208  2313 D DLCStudyAction: Studying catalog..
04-29 09:02:20.380  2208  2313 V GeckoDLCCatalog: Waiting for catalog to be loaded
04-29 09:02:20.380  2208  2315 D GeckoDLCCatalog: Loading from disk
04-29 09:02:20.400  2299  2312 I GeckoPushService: Starting up.
04-29 09:02:20.400  2299  2312 I GeckoPushManager: Startup: requesting GCM token.
04-29 09:02:20.440  2299  2314 I UpdateService: no update has ever been attempted, checking now
04-29 09:02:20.560  2208  2315 D GeckoDLCCatalog: Loaded 12 elements
04-29 09:02:20.560  2208  2313 V DLCStudyAction: Done
04-29 09:02:20.581  2208  2313 D DLCDownloadAction: Downloading content..
04-29 09:02:20.591  2208  2313 D DLCDownloadAction: Network is metered. Postponing download.
04-29 09:02:20.591  2208  2318 V GeckoDLCCatalog: Not persisting: Catalog has not changed
04-29 09:02:20.621  2208  2319 V GeckoDLCCatalog: Not persisting: Catalog has not changed
04-29 09:02:20.921  2208  2221 W GeckoGlobalHistory: Rebuilding visited link set...
04-29 09:02:21.601  2208  2227 D GeckoTabs: handleMessage: DOMContentLoaded
04-29 09:02:21.611  2208  2208 D GeckoToolbar: onTabChanged: LOADED
04-29 09:02:21.611  2208  2208 D GeckoBrowserApp: BrowserApp.onTabChanged: 0: LOADED
04-29 09:02:22.141  2299  2314 I UpdateService: next update will be at: Fri Apr 29 13:02:20 PDT 2016
04-29 09:02:22.631  2299  2312 I dalvikvm: Could not find method android.app.AppOpsManager.checkPackage, referenced from method com.google.android.gms.common.GooglePlayServicesUtil.zzb$3f52113e
04-29 09:02:22.651  2208  2227 D GeckoTabs: handleMessage: Content:PageShow
04-29 09:02:22.731  2299  2312 W dalvikvm: VFY: unable to resolve virtual method 134: Landroid/app/AppOpsManager;.checkPackage (ILjava/lang/String;)V
04-29 09:02:22.731  2299  2312 D dalvikvm: VFY: replacing opcode 0x6e at 0x0013
04-29 09:02:22.751  2299  2312 I dalvikvm: Could not find method android.content.pm.PackageManager.getPackageInstaller, referenced from method com.google.android.gms.common.GooglePlayServicesUtil.zzj
04-29 09:02:22.771  2208  2208 D GeckoToolbar: onTabChanged: PAGE_SHOW
04-29 09:02:22.771  2208  2208 D GeckoBrowserApp: BrowserApp.onTabChanged: 0: PAGE_SHOW
04-29 09:02:22.930  2208  2320 E LoadFaviconTask: Error reading favicon
04-29 09:02:22.961  2208  2320 E LoadFaviconTask: Error reading favicon
04-29 09:02:23.011  2208  2227 D GeckoTabs: handleMessage: Content:StateChange
04-29 09:02:23.121  2208  2208 D GeckoToolbar: onTabChanged: STOP
04-29 09:02:23.121  2208  2208 I GeckoToolbarDisplayLayout: zerdatime 250537 - Throbber stop
04-29 09:02:23.131  2208  2208 D GeckoBrowserApp: BrowserApp.onTabChanged: 0: STOP
04-29 09:02:23.331  2208  2208 D GeckoToolbar: onTabChanged: FAVICON
04-29 09:02:23.331  2208  2208 D GeckoBrowserApp: BrowserApp.onTabChanged: 0: FAVICON
04-29 09:02:23.450  2299  2312 W dalvikvm: VFY: unable to resolve virtual method 559: Landroid/content/pm/PackageManager;.getPackageInstaller ()Landroid/content/pm/PackageInstaller;
04-29 09:02:23.470  2299  2312 D dalvikvm: VFY: replacing opcode 0x6e at 0x000e
04-29 09:02:23.531  2208  2221 D GeckoThumbnailHelper: Using new thumbnail size: 376320 (width 336 - height 280)
04-29 09:02:23.531  2208  2221 D GeckoThumbnailHelper: Sending thumbnail event: 336, 280
04-29 09:02:23.791  2299  2314 D dalvikvm: DexOpt: couldn't find static field Landroid/os/Build;.SUPPORTED_ABIS
04-29 09:02:23.871  2299  2314 W dalvikvm: VFY: unable to resolve static field 149 (SUPPORTED_ABIS) in Landroid/os/Build;
04-29 09:02:23.871  2299  2314 D dalvikvm: VFY: replacing opcode 0x62 at 0x0041
04-29 09:02:24.301  2208  2227 I GeckoDump: {"action":"log","time":1461945744284,"thread":null,"pid":null,"source":"mochitest","level":"INFO","message":"SimpleTest START","js_source":"TestRunner.js"}
04-29 09:02:24.452  2208  2227 I GeckoDump: {"action":"test_start","time":1461945744454,"thread":null,"pid":null,"source":"mochitest","test":"/tests/dom/xslt/tests/mochitest/test_exslt_regex.html","js_source":"TestRunner.js"}
04-29 09:02:25.361  2299  2314 D dalvikvm: Trying to load lib /data/app-lib/org.mozilla.fennec-1/libmozglue.so 0x41744fe0
04-29 09:02:25.711   279   282 D dalvikvm: GC_CONCURRENT freed 663K, 35% free 5562K/8428K, paused 6ms+15ms, total 207ms
04-29 09:02:26.561  2299  2312 W GooglePlayServicesUtil: Google Play services is missing.
04-29 09:02:26.731  2299  2314 D dalvikvm: Added shared lib /data/app-lib/org.mozilla.fennec-1/libmozglue.so 0x41744fe0
04-29 09:02:26.761  2208  2227 I GeckoDump: {"action":"test_status","time":1461945746760,"thread":null,"pid":null,"source":"mochitest","test":"/tests/dom/xslt/tests/mochitest/test_exslt_regex.html","subtest":"Testing regexp:test","status":"PASS","js_source":"TestRunner.js"}
04-29 09:02:26.811  2299  2314 D dalvikvm: No JNI_OnLoad found in /data/app-lib/org.mozilla.fennec-1/libmozglue.so 0x41744fe0, skipping init
04-29 09:02:26.811  2208  2227 I GeckoDump: {"action":"test_status","time":1461945746808,"thread":null,"pid":null,"source":"mochitest","test":"/tests/dom/xslt/tests/mochitest/test_exslt_regex.html","subtest":"Testing regexp:match","status":"PASS","js_source":"TestRunner.js"}
04-29 09:02:26.851  2208  2227 I GeckoDump: {"action":"test_status","time":1461945746851,"thread":null,"pid":null,"source":"mochitest","test":"/tests/dom/xslt/tests/mochitest/test_exslt_regex.html","subtest":"Testing regexp:replace","status":"PASS","js_source":"TestRunner.js"}
04-29 09:02:27.081  2299  2312 W GeckoPushGCM: This device does not support GCM! isGooglePlayServicesAvailable returned: 1
04-29 09:02:27.091  2208  2227 W GeckoConsole: [JavaScript Warning: "The character encoding of a framed document was not declared. The document may appear different if viewed without the document framing it." {file: "http://mochi.test:8888/tests/dom/xslt/tests/mochitest/test_exslt_regex.html" line: 0}]
04-29 09:02:27.101  2299  2312 W GeckoPushGCM: isGooglePlayServicesAvailable message: SERVICE_MISSING
04-29 09:02:27.131  2299  2312 W GeckoPushManager: Startup: needs Google Play Services.  Ignoring until GCM is requested in response to user activity.
04-29 09:02:27.410  2208  2227 I GeckoDump: MEMORY STAT vsizeMaxContiguous not supported in this build configuration.
04-29 09:02:27.440  2208  2227 I GeckoDump: MEMORY STAT | vsize 656MB | residentFast 164MB | heapAllocated 54MB
04-29 09:02:27.701  2299  2314 E UpdateService: failed to check for update: 
04-29 09:02:27.701  2299  2314 E UpdateService: java.lang.IllegalArgumentException: scheme == null
04-29 09:02:27.701  2299  2314 E UpdateService: 	at java.net.ProxySelectorImpl.selectOneProxy(ProxySelectorImpl.java:41)
04-29 09:02:27.701  2299  2314 E UpdateService: 	at java.net.ProxySelectorImpl.select(ProxySelectorImpl.java:32)
04-29 09:02:27.701  2299  2314 E UpdateService: 	at org.mozilla.gecko.util.ProxySelector.openConnectionWithProxy(ProxySelector.java:35)
04-29 09:02:27.701  2299  2314 E UpdateService: 	at org.mozilla.gecko.updater.UpdateService.findUpdate(UpdateService.java:385)
04-29 09:02:27.701  2299  2314 E UpdateService: 	at org.mozilla.gecko.updater.UpdateService.startUpdate(UpdateService.java:278)
04-29 09:02:27.701  2299  2314 E UpdateService: 	at org.mozilla.gecko.updater.UpdateService.registerForUpdates(UpdateService.java:248)
04-29 09:02:27.701  2299  2314 E UpdateService: 	at org.mozilla.gecko.updater.UpdateService.onHandleIntent(UpdateService.java:201)
04-29 09:02:27.701  2299  2314 E UpdateService: 	at android.app.IntentService$ServiceHandler.handleMessage(IntentService.java:65)
04-29 09:02:27.701  2299  2314 E UpdateService: 	at android.os.Handler.dispatchMessage(Handler.java:99)
04-29 09:02:27.701  2299  2314 E UpdateService: 	at android.os.Looper.loop(Looper.java:137)
04-29 09:02:27.701  2299  2314 E UpdateService: 	at android.os.HandlerThread.run(HandlerThread.java:61)
04-29 09:02:27.732  2299  2314 I UpdateService: no update available
04-29 09:02:28.440  2208  2227 I GeckoDump: {"action":"test_end","time":1461945748440,"thread":null,"pid":null,"source":"mochitest","test":"/tests/dom/xslt/tests/mochitest/test_exslt_regex.html","status":"OK","message":"Finished in 3986ms","stack":{"runtime":3986},"js_source":"TestRunner.js"}
04-29 09:02:28.801  2208  2227 W GeckoConsole: [JavaScript Warning: "The character encoding of a framed document was not declared. The document may appear different if viewed without the document framing it." {file: "http://mochi.test:8888/tests/SimpleTest/iframe-between-tests.html" line: 0}]
04-29 09:02:28.911  2208  2227 I GeckoDump: {"action":"test_start","time":1461945748914,"thread":null,"pid":null,"source":"mochitest","test":"/tests/dom/xslt/tests/mochitest/test_parameter.html","js_source":"TestRunner.js"}
04-29 09:02:29.440  2208  2227 I GeckoDump: {"action":"test_status","time":1461945749439,"thread":null,"pid":null,"source":"mochitest","test":"/tests/dom/xslt/tests/mochitest/test_parameter.html","subtest":"null namespace works","status":"PASS","js_source":"TestRunner.js"}
04-29 09:02:29.440  2208  2227 I GeckoDump: {"action":"test_status","time":1461945749446,"thread":null,"pid":null,"source":"mochitest","test":"/tests/dom/xslt/tests/mochitest/test_parameter.html","subtest":"non-null namespace works","status":"PASS","js_source":"TestRunner.js"}
04-29 09:02:29.450  2208  2227 I GeckoDump: {"action":"test_status","time":1461945749451,"thread":null,"pid":null,"source":"mochitest","test":"/tests/dom/xslt/tests/mochitest/test_parameter.html","subtest":"number value works","status":"PASS","js_source":"TestRunner.js"}
04-29 09:02:29.461  2208  2227 I GeckoDump: {"action":"test_status","time":1461945749455,"thread":null,"pid":null,"source":"mochitest","test":"/tests/dom/xslt/tests/mochitest/test_parameter.html","subtest":"removeParameter works","status":"PASS","js_source":"TestRunner.js"}
04-29 09:02:29.461  2208  2227 I GeckoDump: {"action":"test_status","time":1461945749463,"thread":null,"pid":null,"source":"mochitest","test":"/tests/dom/xslt/tests/mochitest/test_parameter.html","subtest":"nonexistant parameter","status":"PASS","js_source":"TestRunner.js"}
04-29 09:02:29.480  2208  2227 W GeckoConsole: [JavaScript Warning: "The character encoding of a framed document was not declared. The document may appear different if viewed without the document framing it." {file: "http://mochi.test:8888/tests/dom/xslt/tests/mochitest/test_parameter.html" line: 0}]
04-29 09:02:29.540  2208  2227 I GeckoDump: MEMORY STAT | vsize 656MB | residentFast 164MB | heapAllocated 53MB
04-29 09:02:29.671  2208  2227 I GeckoDump: {"action":"test_end","time":1461945749649,"thread":null,"pid":null,"source":"mochitest","test":"/tests/dom/xslt/tests/mochitest/test_parameter.html","status":"OK","message":"Finished in 734ms","stack":{"runtime":734},"js_source":"TestRunner.js"}
04-29 09:02:29.921  2208  2227 W GeckoConsole: [JavaScript Warning: "The character encoding of a framed document was not declared. The document may appear different if viewed without the document framing it." {file: "http://mochi.test:8888/tests/SimpleTest/iframe-between-tests.html" line: 0}]
04-29 09:02:30.031  2208  2227 I GeckoDump: {"action":"test_start","time":1461945750027,"thread":null,"pid":null,"source":"mochitest","test":"/tests/dom/xul/test/test_bug749367.xul","js_source":"TestRunner.js"}
04-29 09:02:30.271  2208  2210 D dalvikvm: GC_CONCURRENT freed 699K, 13% free 5598K/6372K, paused 5ms+4ms, total 164ms
04-29 09:02:30.791  2208  2227 D GeckoThumbnailHelper: handleThumbnailData: 376320
04-29 09:02:30.831  2208  2227 D dalvikvm: GC_FOR_ALLOC freed 17K, 13% free 5583K/6372K, paused 42ms, total 42ms
04-29 09:02:30.831  2208  2227 I dalvikvm-heap: Grow heap (frag case) to 5.879MB for 376336-byte allocation
04-29 09:02:30.881  2208  2217 D dalvikvm: GC_FOR_ALLOC freed <1K, 12% free 5951K/6740K, paused 42ms, total 42ms
04-29 09:02:31.231  2208  2208 D GeckoToolbar: onTabChanged: THUMBNAIL
04-29 09:02:31.231  2208  2208 D GeckoBrowserApp: BrowserApp.onTabChanged: 0: THUMBNAIL
04-29 09:02:31.260  2208  2227 I GeckoDump: {"action":"test_status","time":1461945751264,"thread":null,"pid":null,"source":"mochitest","test":"/tests/dom/xul/test/test_bug749367.xul","subtest":"Should execute","status":"PASS","js_source":"TestRunner.js"}
04-29 09:02:31.281  2208  2227 I GeckoDump: MEMORY STAT | vsize 656MB | residentFast 166MB | heapAllocated 54MB
04-29 09:02:31.341  2208  2227 I GeckoDump: {"action":"test_end","time":1461945751340,"thread":null,"pid":null,"source":"mochitest","test":"/tests/dom/xul/test/test_bug749367.xul","status":"OK","message":"Finished in 1313ms","stack":{"runtime":1313},"js_source":"TestRunner.js"}
04-29 09:02:31.571  2208  2227 W GeckoConsole: [JavaScript Warning: "The character encoding of a framed document was not declared. The document may appear different if viewed without the document framing it." {file: "http://mochi.test:8888/tests/SimpleTest/iframe-between-tests.html" line: 0}]
04-29 09:02:31.652  2208  2227 I GeckoDump: {"action":"test_start","time":1461945751653,"thread":null,"pid":null,"source":"mochitest","test":"/tests/editor/composer/test/test_bug348497.html","js_source":"TestRunner.js"}
04-29 09:02:32.311  2208  2227 W GeckoConsole: [JavaScript Warning: "The character encoding of a framed document was not declared. The document may appear different if viewed without the document framing it." {file: "http://mochi.test:8888/tests/editor/composer/test/test_bug348497.html" line: 0}]
04-29 09:02:32.490  2208  2227 I GeckoDump: {"action":"test_status","time":1461945752494,"thread":null,"pid":null,"source":"mochitest","test":"/tests/editor/composer/test/test_bug348497.html","subtest":"enabling designmode on an iframe onload does not crash Mozilla","status":"PASS","js_source":"TestRunner.js"}
04-29 09:02:32.510  2208  2227 I GeckoDump: MEMORY STAT | vsize 656MB | residentFast 167MB | heapAllocated 55MB
04-29 09:02:32.691  2208  2227 I GeckoDump: {"action":"test_end","time":1461945752692,"thread":null,"pid":null,"source":"mochitest","test":"/tests/editor/composer/test/test_bug348497.html","status":"OK","message":"Finished in 1039ms","stack":{"runtime":1039},"js_source":"TestRunner.js"}
04-29 09:02:32.912  2208  2227 W GeckoConsole: [JavaScript Warning: "The character encoding of a framed document was not declared. The document may appear different if viewed without the document framing it." {file: "http://mochi.test:8888/tests/SimpleTest/iframe-between-tests.html" line: 0}]
04-29 09:02:33.021  2208  2227 I GeckoDump: {"action":"test_start","time":1461945753020,"thread":null,"pid":null,"source":"mochitest","test":"/tests/editor/composer/test/test_bug384147.html","js_source":"TestRunner.js"}
04-29 09:02:33.651  2208  2227 E GeckoConsole: [JavaScript Error: "The Components object is deprecated. It will soon be removed." {file: "http://mochi.test:8888/tests/SimpleTest/EventUtils.js" line: 32}]
04-29 09:02:33.901  2208  2227 W GeckoConsole: [JavaScript Warning: "The character encoding of a framed document was not declared. The document may appear different if viewed without the document framing it." {file: "http://mochi.test:8888/tests/editor/composer/test/test_bug384147.html" line: 0}]
04-29 09:02:34.161  2208  2227 E GeckoConsole: [JavaScript Error: "DEPRECATION WARNING: Search service falling back to synchronous initialization. This is generally the consequence of an add-on using a deprecated search service API.
04-29 09:02:34.161  2208  2227 E GeckoConsole: You may find more details about this deprecation at: https://developer.mozilla.org/en-US/docs/XPCOM_Interface_Reference/nsIBrowserSearchService#async_warning
04-29 09:02:34.161  2208  2227 E GeckoConsole: jar:jar:file:///data/app/org.mozilla.fennec-1.apk!/assets/omni.ja!/components/nsSearchService.js 2689 SRCH_SVC__ensureInitialized
04-29 09:02:34.161  2208  2227 E GeckoConsole: jar:jar:file:///data/app/org.mozilla.fennec-1.apk!/assets/omni.ja!/components/nsSearchService.js 4082 get currentEngine
