04-29 08:59:06.332   279   293 D MobileDataStateTracker: mms: mms setting isAvailable to false
04-29 08:59:06.332   279   293 D MobileDataStateTracker: mms: Received state=DISCONNECTED, old=DISCONNECTED, reason=simLoaded
04-29 08:59:06.332   279   293 D MobileDataStateTracker: cbs: Broadcast received: android.intent.action.ANY_DATA_STATE apnType=cbs
04-29 08:59:06.343   279   293 D MobileDataStateTracker: cbs: cbs setting isAvailable to false
04-29 08:59:06.343   279   293 D MobileDataStateTracker: cbs: Received state=DISCONNECTED, old=DISCONNECTED, reason=simLoaded
04-29 08:59:06.452   279   295 W WindowManager: App freeze timeout expired.
04-29 08:59:06.452   279   295 W WindowManager: Force clearing freeze: AppWindowToken{4195b998 token=Token{41959d28 ActivityRecord{419598e0 u0 com.android.launcher/com.android.launcher2.Launcher}}}
04-29 08:59:06.452   279   295 I WindowManager: Screen frozen for +5s260ms due to AppWindowToken{4195b998 token=Token{41959d28 ActivityRecord{419598e0 u0 com.android.launcher/com.android.launcher2.Launcher}}}
04-29 08:59:06.492   279   293 D MobileDataStateTracker: default: Broadcast received: android.intent.action.ANY_DATA_STATE apnType=default
04-29 08:59:06.492   279   293 D MobileDataStateTracker: default: default setting isAvailable to false
04-29 08:59:06.492   279   293 D MobileDataStateTracker: default: Received state=CONNECTING, old=DISCONNECTED, reason=simLoaded
04-29 08:59:06.492   279   293 D MobileDataStateTracker: default: setDetailed state, old =IDLE and new state=CONNECTING
04-29 08:59:06.562   279   293 D MobileDataStateTracker: fota: Broadcast received: android.intent.action.ANY_DATA_STATE apnType=fota
04-29 08:59:06.572   279   293 D MobileDataStateTracker: fota: fota setting isAvailable to false
04-29 08:59:06.572   279   293 D MobileDataStateTracker: fota: Received state=DISCONNECTED, old=DISCONNECTED, reason=simLoaded
04-29 08:59:06.592   279   293 D MobileDataStateTracker: supl: Broadcast received: android.intent.action.ANY_DATA_STATE apnType=supl
04-29 08:59:06.602   279   293 D MobileDataStateTracker: supl: supl setting isAvailable to false
04-29 08:59:06.602   279   293 D MobileDataStateTracker: supl: Received state=DISCONNECTED, old=DISCONNECTED, reason=simLoaded
04-29 08:59:06.642   279   293 D MobileDataStateTracker: hipri: Broadcast received: android.intent.action.ANY_DATA_STATE apnType=hipri
04-29 08:59:06.672   279   293 D MobileDataStateTracker: hipri: hipri setting isAvailable to false
04-29 08:59:06.672   279   293 D MobileDataStateTracker: hipri: Received state=DISCONNECTED, old=DISCONNECTED, reason=simLoaded
04-29 08:59:06.712   279   293 D MobileDataStateTracker: ims: Broadcast received: android.intent.action.ANY_DATA_STATE apnType=ims
04-29 08:59:06.732   279   293 D MobileDataStateTracker: ims: ims setting isAvailable to false
04-29 08:59:06.732   279   293 D MobileDataStateTracker: ims: Received state=DISCONNECTED, old=DISCONNECTED, reason=simLoaded
04-29 08:59:06.742   279   293 D MobileDataStateTracker: mms: Broadcast received: android.intent.action.ANY_DATA_STATE apnType=mms
04-29 08:59:06.802   279   293 D MobileDataStateTracker: mms: mms setting isAvailable to false
04-29 08:59:06.802   279   293 D MobileDataStateTracker: mms: Received state=DISCONNECTED, old=DISCONNECTED, reason=simLoaded
04-29 08:59:06.802   279   293 D MobileDataStateTracker: cbs: Broadcast received: android.intent.action.ANY_DATA_STATE apnType=cbs
04-29 08:59:06.902   337   337 D dalvikvm: GC_FOR_ALLOC freed <1K, 2% free 11139K/11332K, paused 506ms, total 506ms
04-29 08:59:07.022   395   397 D dalvikvm: GC_CONCURRENT freed 424K, 15% free 3009K/3520K, paused 7ms+42ms, total 147ms
04-29 08:59:07.162   279   478 D dalvikvm: GC_FOR_ALLOC freed 114K, 12% free 4634K/5232K, paused 322ms, total 329ms
04-29 08:59:07.162   279   478 I dalvikvm-heap: Grow heap (frag case) to 4.683MB for 88396-byte allocation
04-29 08:59:07.252   337   337 I dalvikvm-heap: Grow heap (frag case) to 18.268MB for 7680016-byte allocation
04-29 08:59:07.332   279   305 D dalvikvm: GC_FOR_ALLOC freed 63K, 13% free 4657K/5320K, paused 170ms, total 171ms
04-29 08:59:07.362   279   293 D MobileDataStateTracker: cbs: cbs setting isAvailable to false
04-29 08:59:07.362   279   293 D MobileDataStateTracker: cbs: Received state=DISCONNECTED, old=DISCONNECTED, reason=simLoaded
04-29 08:59:07.452   279   293 D MobileDataStateTracker: default: Broadcast received: android.intent.action.ANY_DATA_STATE apnType=default
04-29 08:59:07.452   279   293 D MobileDataStateTracker: default: default setting isAvailable to false
04-29 08:59:07.452   279   293 D MobileDataStateTracker: default: Received state=CONNECTED, old=CONNECTING, reason=connected
04-29 08:59:07.452   279   293 D MobileDataStateTracker: default: setDetailed state, old =CONNECTING and new state=CONNECTED
04-29 08:59:07.452   279   323 D ConnectivityService: ConnectivityChange for mobile: CONNECTED/CONNECTED
04-29 08:59:07.452   279   323 D ConnectivityService: checkMobileProvisioning: E suggestedTimeOutMs=60000
04-29 08:59:07.452   279   323 D ConnectivityService: setProvNotificationVisible: E visible=false networkType=-1 extraInfo=null url=null
04-29 08:59:07.532   337   341 D dalvikvm: GC_CONCURRENT freed 0K, 2% free 18639K/18836K, paused 7ms+96ms, total 283ms
04-29 08:59:07.532   337   354 D dalvikvm: WAIT_FOR_CONCURRENT_GC blocked 97ms
04-29 08:59:07.532   337   337 D dalvikvm: WAIT_FOR_CONCURRENT_GC blocked 267ms
04-29 08:59:07.552   337   353 D dalvikvm: WAIT_FOR_CONCURRENT_GC blocked 123ms
04-29 08:59:07.622   279   323 D MobileDataStateTracker: default: isProvisioningNetwork: retVal=false
04-29 08:59:07.642   279   323 D MobileDataStateTracker: hipri: isProvisioningNetwork: retVal=false
04-29 08:59:07.642   279   323 D ConnectivityService: checkMobileProvisioning: params={ url=http://clients3.google.com/generate_204 mTimeOutMs=60000 mCb=com.android.server.ConnectivityService$4@4194d9c8}
04-29 08:59:07.662   279   323 D ConnectivityService: checkMobileProvisioning: X
04-29 08:59:07.951   279   323 D Nat464Xlat: requiresClat: netType=0, hasIPv4Address=true
04-29 08:59:08.032   406   410 D dalvikvm: GC_CONCURRENT freed 48K, 5% free 4092K/4300K, paused 6ms+25ms, total 168ms
04-29 08:59:08.032   406   406 D dalvikvm: WAIT_FOR_CONCURRENT_GC blocked 149ms
04-29 08:59:08.222   406   406 D Launcher.Model: Reload apps on config change. curr_mcc:310 prevmcc:0
04-29 08:59:08.262   279   509 D ConnectivityService: [CheckMp] isMobileOk: start hipri url=http://clients3.google.com/generate_204
04-29 08:59:08.302   406   406 I Choreographer: Skipped 315 frames!  The application may be doing too much work on its main thread.
04-29 08:59:08.552    37   505 D         : HostConnection::get() New Host Connection established 0x2a01e910, tid 505
04-29 08:59:08.572   406   406 W EGL_emulation: eglSurfaceAttrib not implemented
04-29 08:59:09.012   279   295 D dalvikvm: GC_EXPLICIT freed 132K, 13% free 4673K/5320K, paused 8ms+12ms, total 289ms
04-29 08:59:09.031   279   393 W SystemClock: Unable to set rtc to 1461945549: Invalid argument
04-29 08:59:09.051   279   509 D ConnectivityService: startUsingNetworkFeature reconnecting to 0: enableHIPRI
04-29 08:59:09.141   406   410 D dalvikvm: GC_CONCURRENT freed 116K, 5% free 4424K/4652K, paused 4ms+5ms, total 56ms
04-29 08:59:09.272   279   393 D SystemClock: Setting time of day to sec=1461945549
04-29 08:59:09.291   337   337 I Choreographer: Skipped 677 frames!  The application may be doing too much work on its main thread.
04-29 08:59:09.331   279   295 I ActivityManager: Displayed com.android.launcher/com.android.launcher2.Launcher: +20s274ms
04-29 08:59:09.371   279   293 D MobileDataStateTracker: hipri: Broadcast received: android.intent.action.ANY_DATA_STATE apnType=hipri
04-29 08:59:09.371   279   293 D MobileDataStateTracker: hipri: hipri setting isAvailable to false
04-29 08:59:09.371   279   293 D MobileDataStateTracker: hipri: Received state=CONNECTING, old=DISCONNECTED, reason=dataEnabled
04-29 08:59:09.371   279   293 D MobileDataStateTracker: hipri: setDetailed state, old =IDLE and new state=CONNECTING
04-29 08:59:09.421   279   293 D MobileDataStateTracker: fota: Broadcast received: android.intent.action.ANY_DATA_STATE apnType=fota
04-29 08:59:09.421   279   293 D MobileDataStateTracker: fota: fota setting isAvailable to false
04-29 08:59:09.421   279   293 D MobileDataStateTracker: fota: Received state=DISCONNECTED, old=DISCONNECTED, reason=dataEnabled
04-29 08:59:09.451   279   293 D MobileDataStateTracker: supl: Broadcast received: android.intent.action.ANY_DATA_STATE apnType=supl
04-29 08:59:09.461   279   293 D MobileDataStateTracker: supl: supl setting isAvailable to false
04-29 08:59:09.461   279   293 D MobileDataStateTracker: supl: Received state=DISCONNECTED, old=DISCONNECTED, reason=dataEnabled
04-29 08:59:09.491   279   293 D MobileDataStateTracker: ims: Broadcast received: android.intent.action.ANY_DATA_STATE apnType=ims
04-29 08:59:09.511   279   293 D MobileDataStateTracker: ims: ims setting isAvailable to false
04-29 08:59:09.511   279   293 D MobileDataStateTracker: ims: Received state=DISCONNECTED, old=DISCONNECTED, reason=dataEnabled
04-29 08:59:09.521   279   293 D MobileDataStateTracker: mms: Broadcast received: android.intent.action.ANY_DATA_STATE apnType=mms
04-29 08:59:09.541   279   293 D MobileDataStateTracker: mms: mms setting isAvailable to false
04-29 08:59:09.541   279   293 D MobileDataStateTracker: mms: Received state=DISCONNECTED, old=DISCONNECTED, reason=dataEnabled
04-29 08:59:09.551   279   293 D MobileDataStateTracker: cbs: Broadcast received: android.intent.action.ANY_DATA_STATE apnType=cbs
04-29 08:59:09.580   279   293 D MobileDataStateTracker: cbs: cbs setting isAvailable to false
04-29 08:59:09.580   279   293 D MobileDataStateTracker: cbs: Received state=DISCONNECTED, old=DISCONNECTED, reason=dataEnabled
04-29 08:59:09.610   279   293 D MobileDataStateTracker: hipri: Broadcast received: android.intent.action.ANY_DATA_STATE apnType=hipri
04-29 08:59:09.610   279   293 D MobileDataStateTracker: hipri: hipri setting isAvailable to false
04-29 08:59:09.610   279   293 D MobileDataStateTracker: hipri: Received state=CONNECTED, old=CONNECTING, reason=dataEnabled
04-29 08:59:09.620   279   293 D MobileDataStateTracker: hipri: setDetailed state, old =CONNECTING and new state=CONNECTED
04-29 08:59:09.620   279   323 D ConnectivityService: ConnectivityChange for mobile_hipri: CONNECTED/CONNECTED
04-29 08:59:09.620   279   323 D ConnectivityService: checkMobileProvisioning: E suggestedTimeOutMs=60000
04-29 08:59:09.620   279   323 D ConnectivityService: checkMobileProvisioning: X already checking ignore for the moment
04-29 08:59:09.620   279   323 D ConnectivityService: checkMobileProvisioning: X
04-29 08:59:09.891    34   276 E SecondaryTablController: ip route add failed: /system/bin/ip route add 10.0.2.2/32 via 0.0.0.0 dev eth0 table 60
04-29 08:59:09.891    34   276 W FrameworkListener: Handler 'interface' error (No such device)
04-29 08:59:09.921   279   323 E ConnectivityService: Exception trying to add a route: java.lang.IllegalStateException: command '13 interface route add eth0 secondary 10.0.2.2 32 0.0.0.0' failed with '400 13 ip route modification failed (No such device)'
04-29 08:59:10.011    34   276 E SecondaryTablController: ip route add failed: /system/bin/ip route add 0.0.0.0/0 via 10.0.2.2 dev eth0 table 60
04-29 08:59:10.011    34   276 W FrameworkListener: Handler 'interface' error (No such device)
04-29 08:59:10.021   279   323 E ConnectivityService: Exception trying to add a route: java.lang.IllegalStateException: command '14 interface route add eth0 secondary 0.0.0.0 0 10.0.2.2' failed with '400 14 ip route modification failed (No such device)'
04-29 08:59:10.021   279   323 D Nat464Xlat: requiresClat: netType=5, hasIPv4Address=true
04-29 08:59:10.061   279   509 D ConnectivityService: startUsingNetworkFeature X: return APN_REQUEST_STARTED
04-29 08:59:10.061   279   509 E ConnectivityService: startUsingNetworkFeature took too long: 2060ms
04-29 08:59:10.061   279   509 D ConnectivityService: [CheckMp] isMobileOk: hipri started
04-29 08:59:10.061   279   509 D ConnectivityService: [CheckMp] isMobileOk: not connected ni=NetworkInfo: type: mobile_hipri[UMTS], state: DISCONNECTED/IDLE, reason: (unspecified), extra: (none), roaming: false, failover: false, isAvailable: true, isConnectedToProvisioningNetwork: false
04-29 08:59:10.271    37   111 I SurfaceFlinger: Boot is finished (54110 ms)
04-29 08:59:10.281   279   295 I ActivityManager: Config changes=1400 {1.0 310mcc260mnc en_US ldltr sw400dp w400dp h615dp 320dpi nrml port finger qwerty/v/v dpad/v s.6}
04-29 08:59:10.391   279   305 I PowerManagerService: Boot animation finished.
04-29 08:59:10.680   337   337 D PhoneStatusBar: mSettingsPanelGravity = 55
04-29 08:59:10.721   279   325 D Tethering: MasterInitialState.processMessage what=3
04-29 08:59:10.730   279   357 D CaptivePortalTracker: NoActiveNetworkState{ what=1 when=-1ms obj=NetworkInfo: type: mobile[UMTS], state: CONNECTED/CONNECTED, reason: connected, extra: epc.tmobile.com, roaming: false, failover: false, isAvailable: true, isConnectedToProvisioningNetwork: false }
04-29 08:59:10.730   279   357 D CaptivePortalTracker: NoActiveNetworkState not a wifi connectivity change, ignore
04-29 08:59:10.811   337   337 D PhoneStatusBar: mSettingsPanelGravity = 55
04-29 08:59:11.021   406   410 D dalvikvm: GC_CONCURRENT freed 1027K, 22% free 3916K/5016K, paused 17ms+53ms, total 127ms
04-29 08:59:11.051   337   337 I Choreographer: Skipped 48 frames!  The application may be doing too much work on its main thread.
04-29 08:59:11.111   279   509 D ConnectivityService: [CheckMp] isMobileOk: not connected ni=NetworkInfo: type: mobile_hipri[UMTS], state: DISCONNECTED/IDLE, reason: (unspecified), extra: (none), roaming: false, failover: false, isAvailable: true, isConnectedToProvisioningNetwork: false
04-29 08:59:11.261   337   337 D PhoneStatusBar: mSettingsPanelGravity = 55
04-29 08:59:11.541   279   514 I RecoverySystem: No recovery log file
04-29 08:59:11.561   279   514 I BootReceiver: Copying audit failures to DropBox
04-29 08:59:11.720   279   282 D dalvikvm: GC_CONCURRENT freed 472K, 13% free 4627K/5312K, paused 21ms+10ms, total 154ms
04-29 08:59:11.730   380   380 I LauncherIconVisibilityManager: Boot has been completed
04-29 08:59:11.730   380   380 I LauncherIconVisibilityManager: Activity has already been disabled: ComponentInfo{com.android.inputmethod.latin/com.android.inputmethod.latin.setup.SetupActivity}
04-29 08:59:11.911   279   478 I ActivityManager: Start proc com.android.mms for broadcast com.android.mms/.transaction.MmsSystemEventReceiver: pid=517 uid=10032 gids={50032, 3003, 1015, 1028}
04-29 08:59:12.091   279   523 D GpsLocationProvider: NTP server returned: 1461945549019 (Fri Apr 29 08:59:09 PDT 2016) reference: 56427 certainty: 86 system time offset: -3078
04-29 08:59:12.251   279   477 D CountryDetector: The first listener is added
04-29 08:59:12.301   517   517 V MmsConfig: mnc/mcc: 310260
04-29 08:59:12.301   517   517 V MmsConfig: tag: bool value: enabledMMS - true
04-29 08:59:12.301   517   517 V MmsConfig: tag: int value: maxMessageSize - 307200
04-29 08:59:12.301   517   517 V MmsConfig: tag: int value: maxImageHeight - 480
04-29 08:59:12.301   517   517 V MmsConfig: tag: int value: maxImageWidth - 640
04-29 08:59:12.301   517   517 V MmsConfig: tag: int value: defaultSMSMessagesPerThread - 500
04-29 08:59:12.301   517   517 V MmsConfig: tag: int value: defaultMMSMessagesPerThread - 50
04-29 08:59:12.301   517   517 V MmsConfig: tag: int value: minMessageCountPerThread - 10
04-29 08:59:12.301   517   517 V MmsConfig: tag: int value: maxMessageCountPerThread - 5000
04-29 08:59:12.301   517   517 V MmsConfig: tag: string value: uaProfUrl - http://www.google.com/oha/rdf/ua-profile-kila.xml
04-29 08:59:12.301   517   517 V MmsConfig: tag: int value: recipientLimit - -1
04-29 08:59:12.301   517   517 V MmsConfig: tag: bool value: enableMultipartSMS - true
04-29 08:59:12.301   517   517 V MmsConfig: tag: int value: smsToMmsTextThreshold - -1
04-29 08:59:12.312   517   517 V MmsConfig: tag: bool value: enableSlideDuration - true
04-29 08:59:12.312   517   517 V MmsConfig: tag: int value: maxMessageTextSize - -1
04-29 08:59:12.361   279   509 D ConnectivityService: [CheckMp] isMobileOk: not connected ni=NetworkInfo: type: mobile_hipri[UMTS], state: DISCONNECTED/IDLE, reason: (unspecified), extra: (none), roaming: false, failover: false, isAvailable: true, isConnectedToProvisioningNetwork: false
04-29 08:59:12.481   395   540 D dalvikvm: GREF has increased to 201
04-29 08:59:12.600   517   541 D Mms:app : cancelNotification
04-29 08:59:12.781   431   431 E BluetoothAdapter: Bluetooth binder is null
04-29 08:59:12.841   431   431 E BluetoothAdapter: Bluetooth binder is null
04-29 08:59:13.061   279   325 D Tethering: MasterInitialState.processMessage what=3
04-29 08:59:13.061   279   357 D CaptivePortalTracker: NoActiveNetworkState{ what=1 when=0 obj=NetworkInfo: type: mobile_hipri[UMTS], state: CONNECTED/CONNECTED, reason: dataEnabled, extra: epc.tmobile.com, roaming: false, failover: false, isAvailable: true, isConnectedToProvisioningNetwork: false }
04-29 08:59:13.061   279   357 D CaptivePortalTracker: NoActiveNetworkState not a wifi connectivity change, ignore
04-29 08:59:13.091   279   385 D dalvikvm: GREF has increased to 501
04-29 08:59:13.121   517   519 D dalvikvm: GC_CONCURRENT freed 207K, 10% free 2709K/2988K, paused 2ms+394ms, total 609ms
04-29 08:59:13.131   279   291 W ActivityManager: Permission denied: checkComponentPermission() owningUid=1000
04-29 08:59:13.131   279   291 W BroadcastQueue: Permission Denial: broadcasting Intent { act=android.appwidget.action.APPWIDGET_UPDATE_OPTIONS flg=0x10 cmp=com.android.settings/.widget.SettingsAppWidgetProvider (has extras) } from android (pid=406, uid=10023) is not exported from uid 1000 due to receiver com.android.settings/.widget.SettingsAppWidgetProvider
04-29 08:59:13.191   517   517 V SmsReceiverService: onStart: #2 mResultCode: -1 = Activity.RESULT_OK
04-29 08:59:13.311   395   540 D MmsSmsDatabaseHelper: [MmsSmsDb] tableName: threads hasAutoIncrement: CREATE TABLE threads (_id INTEGER PRIMARY KEY AUTOINCREMENT,date INTEGER DEFAULT 0,message_count INTEGER DEFAULT 0,recipient_ids TEXT,snippet TEXT,snippet_cs INTEGER DEFAULT 0,read INTEGER DEFAULT 1,type INTEGER DEFAULT 0,error INTEGER DEFAULT 0,has_attachment INTEGER DEFAULT 0) result: true
04-29 08:59:13.311   395   540 D MmsSmsDatabaseHelper: [MmsSmsDb] tableName: canonical_addresses hasAutoIncrement: CREATE TABLE canonical_addresses (_id INTEGER PRIMARY KEY AUTOINCREMENT,address TEXT) result: true
04-29 08:59:13.361   364   368 D dalvikvm: GC_CONCURRENT freed 210K, 10% free 2672K/2952K, paused 4ms+23ms, total 79ms
04-29 08:59:13.371   279   509 D ConnectivityService: [CheckMp] isMobileOk: not connected ni=NetworkInfo: type: mobile_hipri[UMTS], state: DISCONNECTED/IDLE, reason: (unspecified), extra: (none), roaming: false, failover: false, isAvailable: true, isConnectedToProvisioningNetwork: false
04-29 08:59:13.431   395   540 D MmsSmsDatabaseHelper: [MmsSmsDb] tableName: part hasAutoIncrement: CREATE TABLE part (_id INTEGER PRIMARY KEY AUTOINCREMENT,mid INTEGER,seq INTEGER DEFAULT 0,ct TEXT,name TEXT,chset INTEGER,cd TEXT,fn TEXT,cid TEXT,cl TEXT,ctt_s INTEGER,ctt_t TEXT,_data TEXT,text TEXT) result: true
04-29 08:59:13.461   395   540 D MmsSmsDatabaseHelper: [MmsSmsDb] tableName: pdu hasAutoIncrement: CREATE TABLE pdu (_id INTEGER PRIMARY KEY AUTOINCREMENT,thread_id INTEGER,date INTEGER,date_sent INTEGER DEFAULT 0,msg_box INTEGER,read INTEGER DEFAULT 0,m_id TEXT,sub TEXT,sub_cs INTEGER,ct_t TEXT,ct_l TEXT,exp INTEGER,m_cls TEXT,m_type INTEGER,v INTEGER,m_size INTEGER,pri INTEGER,rr INTEGER,rpt_a INTEGER,resp_st INTEGER,st INTEGER,tr_id TEXT,retr_st INTEGER,retr_txt TEXT,retr_txt_cs INTEGER,read_status INTEGER,ct_cls INTEGER,resp_txt TEXT,d_tm INTEGER,d_rpt INTEGER,locked INTEGER DEFAULT 0,seen INTEGER DEFAULT 0,text_only INTEGER DEFAULT 0) result: true
04-29 08:59:13.461   395   540 D MmsSmsDatabaseHelper: [getWritableDatabase] hasAutoIncrementThreads: true hasAutoIncrementAddresses: true hasAutoIncrementPart: true hasAutoIncrementPdu: true
04-29 08:59:13.931   406   410 D dalvikvm: GC_CONCURRENT freed 171K, 18% free 4135K/5016K, paused 6ms+4ms, total 79ms
04-29 08:59:14.021   364   437 W MediaScanner: Error opening directory '/storage/sdcard/.android_secure/', skipping: Permission denied.
04-29 08:59:14.321   517   546 D Mms:app : cancelNotification
04-29 08:59:14.381   279   509 D ConnectivityService: [CheckMp] isMobileOk: not connected ni=NetworkInfo: type: mobile_hipri[UMTS], state: DISCONNECTED/IDLE, reason: (unspecified), extra: (none), roaming: false, failover: false, isAvailable: true, isConnectedToProvisioningNetwork: false
04-29 08:59:14.411   395   397 D dalvikvm: GC_CONCURRENT freed 348K, 14% free 3048K/3520K, paused 4ms+9ms, total 60ms
04-29 08:59:14.550   364   437 V MediaScanner: pruneDeadThumbnailFiles... android.database.sqlite.SQLiteCursor@41750d10
04-29 08:59:14.550   364   437 V MediaScanner: /pruneDeadThumbnailFiles... android.database.sqlite.SQLiteCursor@41750d10
04-29 08:59:14.641   406   410 D dalvikvm: GC_CONCURRENT freed 276K, 14% free 4336K/5016K, paused 5ms+2ms, total 40ms
04-29 08:59:14.680   364   437 D dalvikvm: GREF has increased to 201
04-29 08:59:15.021   459   498 I ContactLocale: AddressBook Labels [en_US]: [, A, B, C, D, E, F, G, H, I, J, K, L, M, N, O, P, Q, R, S, T, U, V, W, X, Y, Z, , , , , , , , , , , , , , , , , , , , , , , , , , , , , , , , , , , , , , , , , , , , , , , , , , , , , , , , , , , , , , , , , , , , , , , , , , , , , , , , , , , , , , , , , , , , , , , , , , , , , , , , , , , , , , , , , , , , , , , , , , , , , , , , , , , , , , , , , , , , , , , , , , , , , , , , , , , , , , , , , , , , , , , , , , , , , , , , , , , , , , #, ]
04-29 08:59:15.271   364   437 W MediaScanner: Error opening directory '/storage/sdcard/.android_secure/', skipping: Permission denied.
04-29 08:59:15.381   279   509 D ConnectivityService: [CheckMp] isMobileOk: not connected ni=NetworkInfo: type: mobile_hipri[UMTS], state: DISCONNECTED/IDLE, reason: (unspecified), extra: (none), roaming: false, failover: false, isAvailable: true, isConnectedToProvisioningNetwork: false
04-29 08:59:15.421   364   437 V MediaScanner: pruneDeadThumbnailFiles... android.database.sqlite.SQLiteCursor@4175eea8
04-29 08:59:15.431   364   437 V MediaScanner: /pruneDeadThumbnailFiles... android.database.sqlite.SQLiteCursor@4175eea8
04-29 08:59:15.751   459   461 D dalvikvm: GC_CONCURRENT freed 230K, 10% free 2891K/3192K, paused 6ms+7ms, total 74ms
04-29 08:59:16.387   279   509 D ConnectivityService: [CheckMp] isMobileOk: not connected ni=NetworkInfo: type: mobile_hipri[UMTS], state: DISCONNECTED/IDLE, reason: (unspecified), extra: (none), roaming: false, failover: false, isAvailable: true, isConnectedToProvisioningNetwork: false
04-29 08:59:17.391   279   509 D ConnectivityService: [CheckMp] isMobileOk: not connected ni=NetworkInfo: type: mobile_hipri[UMTS], state: DISCONNECTED/IDLE, reason: (unspecified), extra: (none), roaming: false, failover: false, isAvailable: true, isConnectedToProvisioningNetwork: false
04-29 08:59:18.391   279   509 D ConnectivityService: [CheckMp] isMobileOk: not connected ni=NetworkInfo: type: mobile_hipri[UMTS], state: DISCONNECTED/IDLE, reason: (unspecified), extra: (none), roaming: false, failover: false, isAvailable: true, isConnectedToProvisioningNetwork: false
04-29 08:59:19.391   279   509 D ConnectivityService: [CheckMp] isMobileOk: not connected ni=NetworkInfo: type: mobile_hipri[UMTS], state: DISCONNECTED/IDLE, reason: (unspecified), extra: (none), roaming: false, failover: false, isAvailable: true, isConnectedToProvisioningNetwork: false
04-29 08:59:20.401   279   509 D ConnectivityService: [CheckMp] isMobileOk: not connected ni=NetworkInfo: type: mobile_hipri[UMTS], state: DISCONNECTED/IDLE, reason: (unspecified), extra: (none), roaming: false, failover: false, isAvailable: true, isConnectedToProvisioningNetwork: false
04-29 08:59:21.400   279   509 D ConnectivityService: [CheckMp] isMobileOk: not connected ni=NetworkInfo: type: mobile_hipri[UMTS], state: DISCONNECTED/IDLE, reason: (unspecified), extra: (none), roaming: false, failover: false, isAvailable: true, isConnectedToProvisioningNetwork: false
04-29 08:59:22.401   279   509 D ConnectivityService: [CheckMp] isMobileOk: not connected ni=NetworkInfo: type: mobile_hipri[UMTS], state: DISCONNECTED/IDLE, reason: (unspecified), extra: (none), roaming: false, failover: false, isAvailable: true, isConnectedToProvisioningNetwork: false
04-29 08:59:23.401   279   509 D ConnectivityService: [CheckMp] isMobileOk: not connected ni=NetworkInfo: type: mobile_hipri[UMTS], state: DISCONNECTED/IDLE, reason: (unspecified), extra: (none), roaming: false, failover: false, isAvailable: true, isConnectedToProvisioningNetwork: false
04-29 08:59:24.410   279   509 D ConnectivityService: [CheckMp] isMobileOk: not connected ni=NetworkInfo: type: mobile_hipri[UMTS], state: DISCONNECTED/IDLE, reason: (unspecified), extra: (none), roaming: false, failover: false, isAvailable: true, isConnectedToProvisioningNetwork: false
04-29 08:59:25.421   279   509 D ConnectivityService: [CheckMp] isMobileOk: not connected ni=NetworkInfo: type: mobile_hipri[UMTS], state: DISCONNECTED/IDLE, reason: (unspecified), extra: (none), roaming: false, failover: false, isAvailable: true, isConnectedToProvisioningNetwork: false
04-29 08:59:26.421   279   509 D ConnectivityService: [CheckMp] isMobileOk: not connected ni=NetworkInfo: type: mobile_hipri[UMTS], state: DISCONNECTED/IDLE, reason: (unspecified), extra: (none), roaming: false, failover: false, isAvailable: true, isConnectedToProvisioningNetwork: false
04-29 08:59:27.421   279   509 D ConnectivityService: [CheckMp] isMobileOk: not connected ni=NetworkInfo: type: mobile_hipri[UMTS], state: DISCONNECTED/IDLE, reason: (unspecified), extra: (none), roaming: false, failover: false, isAvailable: true, isConnectedToProvisioningNetwork: false
04-29 08:59:28.431   279   509 D ConnectivityService: [CheckMp] isMobileOk: not connected ni=NetworkInfo: type: mobile_hipri[UMTS], state: DISCONNECTED/IDLE, reason: (unspecified), extra: (none), roaming: false, failover: false, isAvailable: true, isConnectedToProvisioningNetwork: false
04-29 08:59:29.431   279   509 D ConnectivityService: [CheckMp] isMobileOk: not connected ni=NetworkInfo: type: mobile_hipri[UMTS], state: DISCONNECTED/IDLE, reason: (unspecified), extra: (none), roaming: false, failover: false, isAvailable: true, isConnectedToProvisioningNetwork: false
04-29 08:59:30.431   279   509 D ConnectivityService: [CheckMp] isMobileOk: not connected ni=NetworkInfo: type: mobile_hipri[UMTS], state: DISCONNECTED/IDLE, reason: (unspecified), extra: (none), roaming: false, failover: false, isAvailable: true, isConnectedToProvisioningNetwork: false
04-29 08:59:31.441   279   509 D ConnectivityService: [CheckMp] isMobileOk: not connected ni=NetworkInfo: type: mobile_hipri[UMTS], state: DISCONNECTED/IDLE, reason: (unspecified), extra: (none), roaming: false, failover: false, isAvailable: true, isConnectedToProvisioningNetwork: false
04-29 08:59:32.440   279   509 D ConnectivityService: [CheckMp] isMobileOk: not connected ni=NetworkInfo: type: mobile_hipri[UMTS], state: DISCONNECTED/IDLE, reason: (unspecified), extra: (none), roaming: false, failover: false, isAvailable: true, isConnectedToProvisioningNetwork: false
04-29 08:59:33.171   562   562 D AndroidRuntime: 
04-29 08:59:33.171   562   562 D AndroidRuntime: >>>>>> AndroidRuntime START com.android.internal.os.RuntimeInit <<<<<<
04-29 08:59:33.181   562   562 D AndroidRuntime: CheckJNI is ON
04-29 08:59:33.221   562   562 D dalvikvm: Trying to load lib libjavacore.so 0x0
04-29 08:59:33.231   562   562 D dalvikvm: Added shared lib libjavacore.so 0x0
04-29 08:59:33.271   562   562 D dalvikvm: Trying to load lib libnativehelper.so 0x0
04-29 08:59:33.271   562   562 D dalvikvm: Added shared lib libnativehelper.so 0x0
04-29 08:59:33.341   562   562 E cutils-trace: Error opening trace file: No such file or directory (2)
04-29 08:59:33.451   279   509 D ConnectivityService: [CheckMp] isMobileOk: not connected ni=NetworkInfo: type: mobile_hipri[UMTS], state: DISCONNECTED/IDLE, reason: (unspecified), extra: (none), roaming: false, failover: false, isAvailable: true, isConnectedToProvisioningNetwork: false
04-29 08:59:33.852   562   562 D AndroidRuntime: Calling main entry com.android.commands.pm.Pm
04-29 08:59:33.941   279   300 I ActivityManager: Start proc com.android.defcontainer for service com.android.defcontainer/.DefaultContainerService: pid=573 uid=10019 gids={50019, 1015, 1023, 2001, 1028}
04-29 08:59:34.002    38    38 D dalvikvm: GC_EXPLICIT freed 34K, 4% free 2503K/2608K, paused 3ms+2ms, total 81ms
04-29 08:59:34.082    38    38 D dalvikvm: GC_EXPLICIT freed <1K, 4% free 2503K/2608K, paused 3ms+11ms, total 79ms
04-29 08:59:34.161    38    38 D dalvikvm: GC_EXPLICIT freed <1K, 4% free 2503K/2608K, paused 2ms+12ms, total 83ms
04-29 08:59:34.241   279   300 W ActivityManager: No content provider found for permission revoke: file:///data/local/tmp/fennec-49.0a1.en-US.android-arm.apk
04-29 08:59:34.451   279   509 D ConnectivityService: [CheckMp] isMobileOk: not connected ni=NetworkInfo: type: mobile_hipri[UMTS], state: DISCONNECTED/IDLE, reason: (unspecified), extra: (none), roaming: false, failover: false, isAvailable: true, isConnectedToProvisioningNetwork: false
04-29 08:59:35.451   279   509 D ConnectivityService: [CheckMp] isMobileOk: not connected ni=NetworkInfo: type: mobile_hipri[UMTS], state: DISCONNECTED/IDLE, reason: (unspecified), extra: (none), roaming: false, failover: false, isAvailable: true, isConnectedToProvisioningNetwork: false
04-29 08:59:36.261   279   300 W ActivityManager: No content provider found for permission revoke: file:///data/local/tmp/fennec-49.0a1.en-US.android-arm.apk
04-29 08:59:36.261   279   300 I PackageManager: Copying native libraries to /data/app-lib/vmdl1567482193
04-29 08:59:36.461   279   509 D ConnectivityService: [CheckMp] isMobileOk: not connected ni=NetworkInfo: type: mobile_hipri[UMTS], state: DISCONNECTED/IDLE, reason: (unspecified), extra: (none), roaming: false, failover: false, isAvailable: true, isConnectedToProvisioningNetwork: false
04-29 08:59:36.570   279   282 D dalvikvm: GC_CONCURRENT freed 291K, 8% free 4746K/5116K, paused 5ms+8ms, total 76ms
04-29 08:59:36.861   279   282 D dalvikvm: GC_CONCURRENT freed 149K, 5% free 5035K/5276K, paused 6ms+8ms, total 69ms
04-29 08:59:37.021   279   282 D dalvikvm: GC_CONCURRENT freed 368K, 10% free 5203K/5724K, paused 5ms+6ms, total 63ms
04-29 08:59:37.021   279   300 D dalvikvm: WAIT_FOR_CONCURRENT_GC blocked 46ms
04-29 08:59:37.101   279   300 D dalvikvm: GC_FOR_ALLOC freed 295K, 10% free 5334K/5912K, paused 54ms, total 54ms
04-29 08:59:37.471   279   282 D dalvikvm: GC_CONCURRENT freed 266K, 6% free 5674K/6020K, paused 6ms+7ms, total 79ms
04-29 08:59:37.471   279   509 D ConnectivityService: [CheckMp] isMobileOk: not connected ni=NetworkInfo: type: mobile_hipri[UMTS], state: DISCONNECTED/IDLE, reason: (unspecified), extra: (none), roaming: false, failover: false, isAvailable: true, isConnectedToProvisioningNetwork: false
04-29 08:59:37.871   279   282 D dalvikvm: GC_CONCURRENT freed 144K, 4% free 6225K/6448K, paused 5ms+8ms, total 81ms
04-29 08:59:38.360   279   282 D dalvikvm: GC_CONCURRENT freed 439K, 8% free 6615K/7132K, paused 6ms+7ms, total 91ms
04-29 08:59:38.481   279   509 D ConnectivityService: [CheckMp] isMobileOk: not connected ni=NetworkInfo: type: mobile_hipri[UMTS], state: DISCONNECTED/IDLE, reason: (unspecified), extra: (none), roaming: false, failover: false, isAvailable: true, isConnectedToProvisioningNetwork: false
04-29 08:59:38.781   279   282 D dalvikvm: GC_CONCURRENT freed 999K, 15% free 6545K/7624K, paused 6ms+15ms, total 94ms
04-29 08:59:39.082   279   282 D dalvikvm: GC_CONCURRENT freed 921K, 15% free 6528K/7636K, paused 6ms+5ms, total 87ms
04-29 08:59:39.082   279   300 D dalvikvm: WAIT_FOR_CONCURRENT_GC blocked 72ms
04-29 08:59:39.361   279   282 D dalvikvm: GC_CONCURRENT freed 916K, 15% free 6533K/7636K, paused 6ms+9ms, total 91ms
04-29 08:59:39.481   279   509 D ConnectivityService: [CheckMp] isMobileOk: not connected ni=NetworkInfo: type: mobile_hipri[UMTS], state: DISCONNECTED/IDLE, reason: (unspecified), extra: (none), roaming: false, failover: false, isAvailable: true, isConnectedToProvisioningNetwork: false
04-29 08:59:39.630   279   282 D dalvikvm: GC_CONCURRENT freed 906K, 15% free 6555K/7636K, paused 5ms+9ms, total 95ms
04-29 08:59:39.891   279   282 D dalvikvm: GC_CONCURRENT freed 925K, 15% free 6545K/7648K, paused 6ms+8ms, total 90ms
04-29 08:59:40.151   279   282 D dalvikvm: GC_CONCURRENT freed 921K, 15% free 6559K/7648K, paused 5ms+6ms, total 92ms
04-29 08:59:40.151   279   300 D dalvikvm: WAIT_FOR_CONCURRENT_GC blocked 50ms
04-29 08:59:40.401   279   282 D dalvikvm: GC_CONCURRENT freed 924K, 15% free 6556K/7648K, paused 6ms+5ms, total 90ms
04-29 08:59:40.411   279   300 D dalvikvm: WAIT_FOR_CONCURRENT_GC blocked 68ms
04-29 08:59:40.481   279   509 D ConnectivityService: [CheckMp] isMobileOk: not connected ni=NetworkInfo: type: mobile_hipri[UMTS], state: DISCONNECTED/IDLE, reason: (unspecified), extra: (none), roaming: false, failover: false, isAvailable: true, isConnectedToProvisioningNetwork: false
04-29 08:59:40.670   279   282 D dalvikvm: GC_CONCURRENT freed 930K, 15% free 6561K/7648K, paused 5ms+7ms, total 92ms
04-29 08:59:40.670   279   300 D dalvikvm: WAIT_FOR_CONCURRENT_GC blocked 71ms
04-29 08:59:40.921   279   282 D dalvikvm: GC_CONCURRENT freed 931K, 15% free 6578K/7660K, paused 5ms+7ms, total 94ms
04-29 08:59:40.921   279   300 D dalvikvm: WAIT_FOR_CONCURRENT_GC blocked 66ms
04-29 08:59:41.191   279   282 D dalvikvm: GC_CONCURRENT freed 952K, 14% free 6636K/7672K, paused 7ms+8ms, total 107ms
04-29 08:59:41.461   279   282 D dalvikvm: GC_CONCURRENT freed 1009K, 15% free 6590K/7696K, paused 6ms+7ms, total 96ms
04-29 08:59:41.501   279   509 D ConnectivityService: [CheckMp] isMobileOk: not connected ni=NetworkInfo: type: mobile_hipri[UMTS], state: DISCONNECTED/IDLE, reason: (unspecified), extra: (none), roaming: false, failover: false, isAvailable: true, isConnectedToProvisioningNetwork: false
04-29 08:59:41.761   279   282 D dalvikvm: GC_CONCURRENT freed 947K, 15% free 6594K/7696K, paused 5ms+8ms, total 96ms
04-29 08:59:42.031   279   282 D dalvikvm: GC_CONCURRENT freed 931K, 15% free 6608K/7696K, paused 5ms+9ms, total 97ms
04-29 08:59:42.311   279   282 D dalvikvm: GC_CONCURRENT freed 924K, 15% free 6603K/7696K, paused 6ms+8ms, total 91ms
04-29 08:59:42.501   279   509 D ConnectivityService: [CheckMp] isMobileOk: not connected ni=NetworkInfo: type: mobile_hipri[UMTS], state: DISCONNECTED/IDLE, reason: (unspecified), extra: (none), roaming: false, failover: false, isAvailable: true, isConnectedToProvisioningNetwork: false
04-29 08:59:43.511   279   509 D ConnectivityService: [CheckMp] isMobileOk: not connected ni=NetworkInfo: type: mobile_hipri[UMTS], state: DISCONNECTED/IDLE, reason: (unspecified), extra: (none), roaming: false, failover: false, isAvailable: true, isConnectedToProvisioningNetwork: false
04-29 08:59:44.261   279   300 I PackageManager: New shared user org.mozilla.fennec.sharedID: id=10043
04-29 08:59:44.321   279   300 I PackageManager: Running dexopt on: org.mozilla.fennec
04-29 08:59:44.511   279   509 D ConnectivityService: [CheckMp] isMobileOk: not connected ni=NetworkInfo: type: mobile_hipri[UMTS], state: DISCONNECTED/IDLE, reason: (unspecified), extra: (none), roaming: false, failover: false, isAvailable: true, isConnectedToProvisioningNetwork: false
04-29 08:59:45.511   279   509 D ConnectivityService: [CheckMp] isMobileOk: not connected ni=NetworkInfo: type: mobile_hipri[UMTS], state: DISCONNECTED/IDLE, reason: (unspecified), extra: (none), roaming: false, failover: false, isAvailable: true, isConnectedToProvisioningNetwork: false
04-29 08:59:46.101   588   588 W dalvikvm: method Landroid/support/v7/internal/widget/ListViewCompat;.lookForSelectablePosition incorrectly overrides package-private method with same name in Landroid/widget/ListView;
04-29 08:59:46.521   279   509 D ConnectivityService: [CheckMp] isMobileOk: not connected ni=NetworkInfo: type: mobile_hipri[UMTS], state: DISCONNECTED/IDLE, reason: (unspecified), extra: (none), roaming: false, failover: false, isAvailable: true, isConnectedToProvisioningNetwork: false
04-29 08:59:47.520   279   509 D ConnectivityService: [CheckMp] isMobileOk: not connected ni=NetworkInfo: type: mobile_hipri[UMTS], state: DISCONNECTED/IDLE, reason: (unspecified), extra: (none), roaming: false, failover: false, isAvailable: true, isConnectedToProvisioningNetwork: false
04-29 08:59:48.520   279   509 D ConnectivityService: [CheckMp] isMobileOk: not connected ni=NetworkInfo: type: mobile_hipri[UMTS], state: DISCONNECTED/IDLE, reason: (unspecified), extra: (none), roaming: false, failover: false, isAvailable: true, isConnectedToProvisioningNetwork: false
04-29 08:59:49.530   279   509 D ConnectivityService: [CheckMp] isMobileOk: not connected ni=NetworkInfo: type: mobile_hipri[UMTS], state: DISCONNECTED/IDLE, reason: (unspecified), extra: (none), roaming: false, failover: false, isAvailable: true, isConnectedToProvisioningNetwork: false
04-29 08:59:49.731   588   588 D dalvikvm: DexOpt: couldn't find field Landroid/os/Message;.sendingUid
04-29 08:59:50.530   279   509 D ConnectivityService: [CheckMp] isMobileOk: not connected ni=NetworkInfo: type: mobile_hipri[UMTS], state: DISCONNECTED/IDLE, reason: (unspecified), extra: (none), roaming: false, failover: false, isAvailable: true, isConnectedToProvisioningNetwork: false
04-29 08:59:51.501   588   588 D dalvikvm: DexOpt: couldn't find static field Landroid/os/Build;.SUPPORTED_ABIS
04-29 08:59:51.531   279   509 D ConnectivityService: [CheckMp] isMobileOk: not connected ni=NetworkInfo: type: mobile_hipri[UMTS], state: DISCONNECTED/IDLE, reason: (unspecified), extra: (none), roaming: false, failover: false, isAvailable: true, isConnectedToProvisioningNetwork: false
04-29 08:59:52.530   279   509 D ConnectivityService: [CheckMp] isMobileOk: not connected ni=NetworkInfo: type: mobile_hipri[UMTS], state: DISCONNECTED/IDLE, reason: (unspecified), extra: (none), roaming: false, failover: false, isAvailable: true, isConnectedToProvisioningNetwork: false
04-29 08:59:52.620   588   588 D dalvikvm: DexOpt: load 1039ms, verify+opt 5887ms, 4234284 bytes
04-29 08:59:52.731   279   296 I ActivityManager: Force stopping package org.mozilla.fennec appid=10043 user=-1
04-29 08:59:52.741   279   300 W PackageManager: Package org.mozilla.fennec has activity org.mozilla.gecko.BrowserApp with priority > 0, forcing to 0
04-29 08:59:52.871   279   300 W PackageManager: Unknown permission android.permission.ADD_SYSTEM_SERVICE in package com.android.phone
04-29 08:59:52.871   279   300 W PackageManager: Unknown permission com.android.smspush.WAPPUSH_MANAGER_BIND in package com.android.phone
04-29 08:59:52.881   279   300 W PackageManager: Unknown permission com.google.android.googleapps.permission.GOOGLE_AUTH in package com.android.providers.calendar
04-29 08:59:52.881   279   300 W PackageManager: Unknown permission com.google.android.googleapps.permission.GOOGLE_AUTH.cl in package com.android.providers.calendar
04-29 08:59:52.881   279   300 W PackageManager: Unknown permission com.google.android.googleapps.permission.GOOGLE_AUTH.mail in package com.android.calendar
04-29 08:59:52.881   279   300 W PackageManager: Not granting permission android.permission.SEND_DOWNLOAD_COMPLETED_INTENTS to package com.android.browser (protectionLevel=2 flags=0x89be45)
04-29 08:59:52.901   279   300 W PackageManager: Unknown permission com.google.android.googleapps.permission.GOOGLE_AUTH in package com.android.settings
04-29 08:59:52.921   279   300 W PackageManager: Unknown permission com.google.android.gallery3d.permission.GALLERY_PROVIDER in package com.android.exchange
04-29 08:59:52.921   279   300 W PackageManager: Unknown permission com.google.android.googleapps.permission.ACCESS_GOOGLE_PASSWORD in package com.android.development
04-29 08:59:52.921   279   300 W PackageManager: Unknown permission com.google.android.googleapps.permission.GOOGLE_AUTH in package com.android.development
04-29 08:59:52.931   279   300 W PackageManager: Unknown permission com.google.android.googleapps.permission.GOOGLE_AUTH.ALL_SERVICES in package com.android.development
04-29 08:59:52.931   279   300 W PackageManager: Unknown permission com.google.android.googleapps.permission.GOOGLE_AUTH.YouTubeUser in package com.android.development
04-29 08:59:52.931   279   300 W PackageManager: Unknown permission com.google.android.gallery3d.permission.GALLERY_PROVIDER in package com.android.email
04-29 08:59:52.931   279   300 W PackageManager: Not granting permission android.permission.DEVICE_POWER to package com.android.deskclock (protectionLevel=2 flags=0x48be45)
04-29 08:59:52.951   279   300 W PackageManager: Unknown permission com.google.android.c2dm.permission.RECEIVE in package org.mozilla.fennec
04-29 08:59:53.171   279   296 I ActivityManager: Start proc com.svox.pico for broadcast com.svox.pico/.VoiceDataInstallerReceiver: pid=589 uid=10011 gids={50011, 1015, 1028}
04-29 08:59:53.271   406   445 D dalvikvm: GC_FOR_ALLOC freed 579K, 19% free 4065K/5016K, paused 81ms, total 85ms
04-29 08:59:53.340   279   311 I InputReader: Reconfiguring input devices.  changes=0x00000010
04-29 08:59:53.441   279   282 D dalvikvm: GC_CONCURRENT freed 971K, 14% free 6635K/7684K, paused 100ms+34ms, total 212ms
04-29 08:59:53.451   279   293 D BackupManagerService: Received broadcast Intent { act=android.intent.action.PACKAGE_ADDED dat=package:org.mozilla.fennec flg=0x8000010 (has extras) }
04-29 08:59:53.461   279   293 V BackupManagerService: addPackageParticipantsLocked: #1
04-29 08:59:53.711   279   509 D ConnectivityService: [CheckMp] isMobileOk: not connected ni=NetworkInfo: type: mobile_hipri[UMTS], state: DISCONNECTED/IDLE, reason: (unspecified), extra: (none), roaming: false, failover: false, isAvailable: true, isConnectedToProvisioningNetwork: false
04-29 08:59:53.951   279   296 I ActivityManager: Start proc com.android.quicksearchbox for broadcast com.android.quicksearchbox/.CorporaUpdateReceiver: pid=602 uid=10027 gids={50027, 3003, 1028}
04-29 08:59:54.031   279   303 W RecognitionManagerService: no available voice recognition services found for user 0
04-29 08:59:54.221   279   300 D dalvikvm: GC_EXPLICIT freed 1737K, 34% free 5104K/7684K, paused 234ms+220ms, total 739ms
04-29 08:59:54.221   562   562 D AndroidRuntime: Shutting down VM
04-29 08:59:54.241   562   567 D dalvikvm: GC_CONCURRENT freed 91K, 17% free 477K/572K, paused 1ms+1ms, total 10ms
04-29 08:59:54.712   279   509 D ConnectivityService: [CheckMp] isMobileOk: not connected ni=NetworkInfo: type: mobile_hipri[UMTS], state: DISCONNECTED/IDLE, reason: (unspecified), extra: (none), roaming: false, failover: false, isAvailable: true, isConnectedToProvisioningNetwork: false
04-29 08:59:55.711   279   509 D ConnectivityService: [CheckMp] isMobileOk: not connected ni=NetworkInfo: type: mobile_hipri[UMTS], state: DISCONNECTED/IDLE, reason: (unspecified), extra: (none), roaming: false, failover: false, isAvailable: true, isConnectedToProvisioningNetwork: false
04-29 08:59:56.721   279   509 D ConnectivityService: [CheckMp] isMobileOk: not connected ni=NetworkInfo: type: mobile_hipri[UMTS], state: DISCONNECTED/IDLE, reason: (unspecified), extra: (none), roaming: false, failover: false, isAvailable: true, isConnectedToProvisioningNetwork: false
04-29 08:59:56.841   279   299 F FileObserver: Unhandled exception in FileObserver com.android.server.BootReceiver$2@41916120
04-29 08:59:56.841   279   299 F FileObserver: java.lang.NullPointerException: name == null
04-29 08:59:56.841   279   299 F FileObserver: 	at java.io.File.<init>(File.java:150)
04-29 08:59:56.841   279   299 F FileObserver: 	at java.io.File.<init>(File.java:124)
04-29 08:59:56.841   279   299 F FileObserver: 	at com.android.server.BootReceiver$2.onEvent(BootReceiver.java:147)
04-29 08:59:56.841   279   299 F FileObserver: 	at android.os.FileObserver$ObserverThread.onEvent(FileObserver.java:125)
04-29 08:59:56.841   279   299 F FileObserver: 	at android.os.FileObserver$ObserverThread.observe(Native Method)
04-29 08:59:56.841   279   299 F FileObserver: 	at android.os.FileObserver$ObserverThread.run(FileObserver.java:88)
04-29 08:59:57.731   279   509 D ConnectivityService: [CheckMp] isMobileOk: not connected ni=NetworkInfo: type: mobile_hipri[UMTS], state: DISCONNECTED/IDLE, reason: (unspecified), extra: (none), roaming: false, failover: false, isAvailable: true, isConnectedToProvisioningNetwork: false
04-29 08:59:58.151   664   664 D AndroidRuntime: 
04-29 08:59:58.151   664   664 D AndroidRuntime: >>>>>> AndroidRuntime START com.android.internal.os.RuntimeInit <<<<<<
04-29 08:59:58.151   664   664 D AndroidRuntime: CheckJNI is ON
04-29 08:59:58.191   664   664 D dalvikvm: Trying to load lib libjavacore.so 0x0
04-29 08:59:58.201   664   664 D dalvikvm: Added shared lib libjavacore.so 0x0
04-29 08:59:58.241   664   664 D dalvikvm: Trying to load lib libnativehelper.so 0x0
04-29 08:59:58.241   664   664 D dalvikvm: Added shared lib libnativehelper.so 0x0
04-29 08:59:58.731   279   509 D ConnectivityService: [CheckMp] isMobileOk: not connected ni=NetworkInfo: type: mobile_hipri[UMTS], state: DISCONNECTED/IDLE, reason: (unspecified), extra: (none), roaming: false, failover: false, isAvailable: true, isConnectedToProvisioningNetwork: false
04-29 08:59:58.851   664   664 D AndroidRuntime: Calling main entry com.android.commands.pm.Pm
04-29 08:59:58.961   664   664 D AndroidRuntime: Shutting down VM
04-29 08:59:58.961   664   668 E cutils-trace: Error opening trace file: No such file or directory (2)
04-29 08:59:58.972   664   668 D dalvikvm: GC_CONCURRENT freed 173K, 27% free 481K/656K, paused 1ms+0ms, total 11ms
04-29 08:59:59.740   279   509 D ConnectivityService: [CheckMp] isMobileOk: not connected ni=NetworkInfo: type: mobile_hipri[UMTS], state: DISCONNECTED/IDLE, reason: (unspecified), extra: (none), roaming: false, failover: false, isAvailable: true, isConnectedToProvisioningNetwork: false
04-29 09:00:00.741   279   509 D ConnectivityService: [CheckMp] isMobileOk: not connected ni=NetworkInfo: type: mobile_hipri[UMTS], state: DISCONNECTED/IDLE, reason: (unspecified), extra: (none), roaming: false, failover: false, isAvailable: true, isConnectedToProvisioningNetwork: false
04-29 09:00:01.751   279   509 D ConnectivityService: [CheckMp] isMobileOk: not connected ni=NetworkInfo: type: mobile_hipri[UMTS], state: DISCONNECTED/IDLE, reason: (unspecified), extra: (none), roaming: false, failover: false, isAvailable: true, isConnectedToProvisioningNetwork: false
04-29 09:00:02.751   279   509 D ConnectivityService: [CheckMp] isMobileOk: not connected ni=NetworkInfo: type: mobile_hipri[UMTS], state: DISCONNECTED/IDLE, reason: (unspecified), extra: (none), roaming: false, failover: false, isAvailable: true, isConnectedToProvisioningNetwork: false
04-29 09:00:03.761   279   509 D ConnectivityService: [CheckMp] isMobileOk: not connected ni=NetworkInfo: type: mobile_hipri[UMTS], state: DISCONNECTED/IDLE, reason: (unspecified), extra: (none), roaming: false, failover: false, isAvailable: true, isConnectedToProvisioningNetwork: false
04-29 09:00:04.761   279   509 D ConnectivityService: [CheckMp] isMobileOk: not connected ni=NetworkInfo: type: mobile_hipri[UMTS], state: DISCONNECTED/IDLE, reason: (unspecified), extra: (none), roaming: false, failover: false, isAvailable: true, isConnectedToProvisioningNetwork: false
04-29 09:00:05.761   279   509 D ConnectivityService: [CheckMp] isMobileOk: not connected ni=NetworkInfo: type: mobile_hipri[UMTS], state: DISCONNECTED/IDLE, reason: (unspecified), extra: (none), roaming: false, failover: false, isAvailable: true, isConnectedToProvisioningNetwork: false
04-29 09:00:06.771   279   509 D ConnectivityService: [CheckMp] isMobileOk: not connected ni=NetworkInfo: type: mobile_hipri[UMTS], state: DISCONNECTED/IDLE, reason: (unspecified), extra: (none), roaming: false, failover: false, isAvailable: true, isConnectedToProvisioningNetwork: false
04-29 09:00:07.771   279   509 D ConnectivityService: [CheckMp] isMobileOk: not connected ni=NetworkInfo: type: mobile_hipri[UMTS], state: DISCONNECTED/IDLE, reason: (unspecified), extra: (none), roaming: false, failover: false, isAvailable: true, isConnectedToProvisioningNetwork: false
04-29 09:00:08.771   279   509 D ConnectivityService: [CheckMp] isMobileOk: timed out
04-29 09:00:08.771   279   509 D ConnectivityService: [CheckMp] isMobileOk: F stop hipri
04-29 09:00:08.781   279   323 D MobileDataStateTracker: default: setEnableFailFastMobileData(enabled=0)
04-29 09:00:08.811   279   509 D ConnectivityService: stopUsingNetworkFeature: teardown net 0: enableHIPRI
04-29 09:00:08.881   279   293 D MobileDataStateTracker: hipri: Broadcast received: android.intent.action.ANY_DATA_STATE apnType=hipri
04-29 09:00:08.891   279   293 D MobileDataStateTracker: hipri: hipri setting isAvailable to false
04-29 09:00:08.891   279   293 D MobileDataStateTracker: hipri: Received state=DISCONNECTED, old=CONNECTED, reason=dataDisabled
04-29 09:00:08.891   279   293 D MobileDataStateTracker: hipri: setDetailed state, old =IDLE and new state=DISCONNECTED
